---
source: crates/xlsx/tests/snapshots.rs
expression: dump
---
Clear
Rect x=0 y=0 w=800 h=600 fill=Color(4294967295) stroke=Color(0) sw=0 r=[0.0, 0.0, 0.0, 0.0]
PushClip x=44 y=20 w=756 h=580
Line x1=44 y1=20 x2=812 y2=20 stroke=Color(3654932991) sw=1 style=Solid
Line x1=44 y1=40 x2=812 y2=40 stroke=Color(3654932991) sw=1 style=Solid
Line x1=44 y1=60 x2=812 y2=60 stroke=Color(3654932991) sw=1 style=Solid
Line x1=44 y1=80 x2=812 y2=80 stroke=Color(3654932991) sw=1 style=Solid
Line x1=44 y1=100 x2=812 y2=100 stroke=Color(3654932991) sw=1 style=Solid
Line x1=44 y1=120 x2=812 y2=120 stroke=Color(3654932991) sw=1 style=Solid
Line x1=44 y1=140 x2=812 y2=140 stroke=Color(3654932991) sw=1 style=Solid
Line x1=44 y1=160 x2=812 y2=160 stroke=Color(3654932991) sw=1 style=Solid
Line x1=44 y1=180 x2=812 y2=180 stroke=Color(3654932991) sw=1 style=Solid
Line x1=44 y1=200 x2=812 y2=200 stroke=Color(3654932991) sw=1 style=Solid
Line x1=44 y1=220 x2=812 y2=220 stroke=Color(3654932991) sw=1 style=Solid
Line x1=44 y1=240 x2=812 y2=240 stroke=Color(3654932991) sw=1 style=Solid
Line x1=44 y1=260 x2=812 y2=260 stroke=Color(3654932991) sw=1 style=Solid
Line x1=44 y1=280 x2=812 y2=280 stroke=Color(3654932991) sw=1 style=Solid
Line x1=44 y1=300 x2=812 y2=300 stroke=Color(3654932991) sw=1 style=Solid
Line x1=44 y1=320 x2=812 y2=320 stroke=Color(3654932991) sw=1 style=Solid
Line x1=44 y1=340 x2=812 y2=340 stroke=Color(3654932991) sw=1 style=Solid
Line x1=44 y1=360 x2=812 y2=360 stroke=Color(3654932991) sw=1 style=Solid
Line x1=44 y1=380 x2=812 y2=380 stroke=Color(3654932991) sw=1 style=Solid
Line x1=44 y1=400 x2=812 y2=400 stroke=Color(3654932991) sw=1 style=Solid
Line x1=44 y1=420 x2=812 y2=420 stroke=Color(3654932991) sw=1 style=Solid
Line x1=44 y1=440 x2=812 y2=440 stroke=Color(3654932991) sw=1 style=Solid
Line x1=44 y1=460 x2=812 y2=460 stroke=Color(3654932991) sw=1 style=Solid
Line x1=44 y1=480 x2=812 y2=480 stroke=Color(3654932991) sw=1 style=Solid
Line x1=44 y1=500 x2=812 y2=500 stroke=Color(3654932991) sw=1 style=Solid
Line x1=44 y1=520 x2=812 y2=520 stroke=Color(3654932991) sw=1 style=Solid
Line x1=44 y1=540 x2=812 y2=540 stroke=Color(3654932991) sw=1 style=Solid
Line x1=44 y1=560 x2=812 y2=560 stroke=Color(3654932991) sw=1 style=Solid
Line x1=44 y1=580 x2=812 y2=580 stroke=Color(3654932991) sw=1 style=Solid
Line x1=44 y1=600 x2=812 y2=600 stroke=Color(3654932991) sw=1 style=Solid
Line x1=44 y1=20 x2=44 y2=600 stroke=Color(3654932991) sw=1 style=Solid
Line x1=108 y1=20 x2=108 y2=600 stroke=Color(3654932991) sw=1 style=Solid
Line x1=172 y1=20 x2=172 y2=600 stroke=Color(3654932991) sw=1 style=Solid
Line x1=236 y1=20 x2=236 y2=600 stroke=Color(3654932991) sw=1 style=Solid
Line x1=300 y1=20 x2=300 y2=600 stroke=Color(3654932991) sw=1 style=Solid
Line x1=364 y1=20 x2=364 y2=600 stroke=Color(3654932991) sw=1 style=Solid
Line x1=428 y1=20 x2=428 y2=600 stroke=Color(3654932991) sw=1 style=Solid
Line x1=492 y1=20 x2=492 y2=600 stroke=Color(3654932991) sw=1 style=Solid
Line x1=556 y1=20 x2=556 y2=600 stroke=Color(3654932991) sw=1 style=Solid
Line x1=620 y1=20 x2=620 y2=600 stroke=Color(3654932991) sw=1 style=Solid
Line x1=684 y1=20 x2=684 y2=600 stroke=Color(3654932991) sw=1 style=Solid
Line x1=748 y1=20 x2=748 y2=600 stroke=Color(3654932991) sw=1 style=Solid
Line x1=812 y1=20 x2=812 y2=600 stroke=Color(3654932991) sw=1 style=Solid
PushClip x=44 y=20 w=64 h=20
Text x=105 y=37 text="1001" font="Calibri" size=14.666667 color=Color(255) align=Right baseline=Bottom bold=false italic=false underline=false
PopClip
PushClip x=108 y=20 w=64 h=20
Text x=169 y=37 text="1002" font="Calibri" size=14.666667 color=Color(255) align=Right baseline=Bottom bold=false italic=false underline=false
PopClip
PushClip x=172 y=20 w=64 h=20
Text x=233 y=37 text="1003" font="Calibri" size=14.666667 color=Color(255) align=Right baseline=Bottom bold=false italic=false underline=false
PopClip
PushClip x=236 y=20 w=64 h=20
Text x=297 y=37 text="1004" font="Calibri" size=14.666667 color=Color(255) align=Right baseline=Bottom bold=false italic=false underline=false
PopClip
PushClip x=300 y=20 w=64 h=20
Text x=361 y=37 text="1005" font="Calibri" size=14.666667 color=Color(255) align=Right baseline=Bottom bold=false italic=false underline=false
PopClip
PushClip x=364 y=20 w=64 h=20
Text x=425 y=37 text="1006" font="Calibri" size=14.666667 color=Color(255) align=Right baseline=Bottom bold=false italic=false underline=false
PopClip
PushClip x=428 y=20 w=64 h=20
Text x=489 y=37 text="1007" font="Calibri" size=14.666667 color=Color(255) align=Right baseline=Bottom bold=false italic=false underline=false
PopClip
PushClip x=492 y=20 w=64 h=20
Text x=553 y=37 text="1008" font="Calibri" size=14.666667 color=Color(255) align=Right baseline=Bottom bold=false italic=false underline=false
PopClip
PushClip x=556 y=20 w=64 h=20
Text x=617 y=37 text="1009" font="Calibri" size=14.666667 color=Color(255) align=Right baseline=Bottom bold=false italic=false underline=false
PopClip
PushClip x=620 y=20 w=64 h=20
Text x=681 y=37 text="1010" font="Calibri" size=14.666667 color=Color(255) align=Right baseline=Bottom bold=false italic=false underline=false
PopClip
PushClip x=684 y=20 w=64 h=20
Text x=745 y=37 text="1011" font="Calibri" size=14.666667 color=Color(255) align=Right baseline=Bottom bold=false italic=false underline=false
PopClip
PushClip x=748 y=20 w=64 h=20
Text x=809 y=37 text="1012" font="Calibri" size=14.666667 color=Color(255) align=Right baseline=Bottom bold=false italic=false underline=false
PopClip
PushClip x=44 y=40 w=64 h=20
Text x=105 y=57 text="2001" font="Calibri" size=14.666667 color=Color(255) align=Right baseline=Bottom bold=false italic=false underline=false
PopClip
PushClip x=108 y=40 w=64 h=20
Text x=169 y=57 text="2002" font="Calibri" size=14.666667 color=Color(255) align=Right baseline=Bottom bold=false italic=false underline=false
PopClip
PushClip x=172 y=40 w=64 h=20
Text x=233 y=57 text="2003" font="Calibri" size=14.666667 color=Color(255) align=Right baseline=Bottom bold=false italic=false underline=false
PopClip
PushClip x=236 y=40 w=64 h=20
Text x=297 y=57 text="2004" font="Calibri" size=14.666667 color=Color(255) align=Right baseline=Bottom bold=false italic=false underline=false
PopClip
PushClip x=300 y=40 w=64 h=20
Text x=361 y=57 text="2005" font="Calibri" size=14.666667 color=Color(255) align=Right baseline=Bottom bold=false italic=false underline=false
PopClip
PushClip x=364 y=40 w=64 h=20
Text x=425 y=57 text="2006" font="Calibri" size=14.666667 color=Color(255) align=Right baseline=Bottom bold=false italic=false underline=false
PopClip
PushClip x=428 y=40 w=64 h=20
Text x=489 y=57 text="2007" font="Calibri" size=14.666667 color=Color(255) align=Right baseline=Bottom bold=false italic=false underline=false
PopClip
PushClip x=492 y=40 w=64 h=20
Text x=553 y=57 text="2008" font="Calibri" size=14.666667 color=Color(255) align=Right baseline=Bottom bold=false italic=false underline=false
PopClip
PushClip x=556 y=40 w=64 h=20
Text x=617 y=57 text="2009" font="Calibri" size=14.666667 color=Color(255) align=Right baseline=Bottom bold=false italic=false underline=false
PopClip
PushClip x=620 y=40 w=64 h=20
Text x=681 y=57 text="2010" font="Calibri" size=14.666667 color=Color(255) align=Right baseline=Bottom bold=false italic=false underline=false
PopClip
PushClip x=684 y=40 w=64 h=20
Text x=745 y=57 text="2011" font="Calibri" size=14.666667 color=Color(255) align=Right baseline=Bottom bold=false italic=false underline=false
PopClip
PushClip x=748 y=40 w=64 h=20
Text x=809 y=57 text="2012" font="Calibri" size=14.666667 color=Color(255) align=Right baseline=Bottom bold=false italic=false underline=false
PopClip
PushClip x=44 y=60 w=64 h=20
Text x=105 y=77 text="3001" font="Calibri" size=14.666667 color=Color(255) align=Right baseline=Bottom bold=false italic=false underline=false
PopClip
PushClip x=108 y=60 w=64 h=20
Text x=169 y=77 text="3002" font="Calibri" size=14.666667 color=Color(255) align=Right baseline=Bottom bold=false italic=false underline=false
PopClip
PushClip x=172 y=60 w=64 h=20
Text x=233 y=77 text="3003" font="Calibri" size=14.666667 color=Color(255) align=Right baseline=Bottom bold=false italic=false underline=false
PopClip
PushClip x=236 y=60 w=64 h=20
Text x=297 y=77 text="3004" font="Calibri" size=14.666667 color=Color(255) align=Right baseline=Bottom bold=false italic=false underline=false
PopClip
PushClip x=300 y=60 w=64 h=20
Text x=361 y=77 text="3005" font="Calibri" size=14.666667 color=Color(255) align=Right baseline=Bottom bold=false italic=false underline=false
PopClip
PushClip x=364 y=60 w=64 h=20
Text x=425 y=77 text="3006" font="Calibri" size=14.666667 color=Color(255) align=Right baseline=Bottom bold=false italic=false underline=false
PopClip
PushClip x=428 y=60 w=64 h=20
Text x=489 y=77 text="3007" font="Calibri" size=14.666667 color=Color(255) align=Right baseline=Bottom bold=false italic=false underline=false
PopClip
PushClip x=492 y=60 w=64 h=20
Text x=553 y=77 text="3008" font="Calibri" size=14.666667 color=Color(255) align=Right baseline=Bottom bold=false italic=false underline=false
PopClip
PushClip x=556 y=60 w=64 h=20
Text x=617 y=77 text="3009" font="Calibri" size=14.666667 color=Color(255) align=Right baseline=Bottom bold=false italic=false underline=false
PopClip
PushClip x=620 y=60 w=64 h=20
Text x=681 y=77 text="3010" font="Calibri" size=14.666667 color=Color(255) align=Right baseline=Bottom bold=false italic=false underline=false
PopClip
PushClip x=684 y=60 w=64 h=20
Text x=745 y=77 text="3011" font="Calibri" size=14.666667 color=Color(255) align=Right baseline=Bottom bold=false italic=false underline=false
PopClip
PushClip x=748 y=60 w=64 h=20
Text x=809 y=77 text="3012" font="Calibri" size=14.666667 color=Color(255) align=Right baseline=Bottom bold=false italic=false underline=false
PopClip
PushClip x=44 y=80 w=64 h=20
Text x=105 y=97 text="4001" font="Calibri" size=14.666667 color=Color(255) align=Right baseline=Bottom bold=false italic=false underline=false
PopClip
PushClip x=108 y=80 w=64 h=20
Text x=169 y=97 text="4002" font="Calibri" size=14.666667 color=Color(255) align=Right baseline=Bottom bold=false italic=false underline=false
PopClip
PushClip x=172 y=80 w=64 h=20
Text x=233 y=97 text="4003" font="Calibri" size=14.666667 color=Color(255) align=Right baseline=Bottom bold=false italic=false underline=false
PopClip
PushClip x=236 y=80 w=64 h=20
Text x=297 y=97 text="4004" font="Calibri" size=14.666667 color=Color(255) align=Right baseline=Bottom bold=false italic=false underline=false
PopClip
PushClip x=300 y=80 w=64 h=20
Text x=361 y=97 text="4005" font="Calibri" size=14.666667 color=Color(255) align=Right baseline=Bottom bold=false italic=false underline=false
PopClip
PushClip x=364 y=80 w=64 h=20
Text x=425 y=97 text="4006" font="Calibri" size=14.666667 color=Color(255) align=Right baseline=Bottom bold=false italic=false underline=false
PopClip
PushClip x=428 y=80 w=64 h=20
Text x=489 y=97 text="4007" font="Calibri" size=14.666667 color=Color(255) align=Right baseline=Bottom bold=false italic=false underline=false
PopClip
PushClip x=492 y=80 w=64 h=20
Text x=553 y=97 text="4008" font="Calibri" size=14.666667 color=Color(255) align=Right baseline=Bottom bold=false italic=false underline=false
PopClip
PushClip x=556 y=80 w=64 h=20
Text x=617 y=97 text="4009" font="Calibri" size=14.666667 color=Color(255) align=Right baseline=Bottom bold=false italic=false underline=false
PopClip
PushClip x=620 y=80 w=64 h=20
Text x=681 y=97 text="4010" font="Calibri" size=14.666667 color=Color(255) align=Right baseline=Bottom bold=false italic=false underline=false
PopClip
PushClip x=684 y=80 w=64 h=20
Text x=745 y=97 text="4011" font="Calibri" size=14.666667 color=Color(255) align=Right baseline=Bottom bold=false italic=false underline=false
PopClip
PushClip x=748 y=80 w=64 h=20
Text x=809 y=97 text="4012" font="Calibri" size=14.666667 color=Color(255) align=Right baseline=Bottom bold=false italic=false underline=false
PopClip
PushClip x=44 y=100 w=64 h=20
Text x=105 y=117 text="5001" font="Calibri" size=14.666667 color=Color(255) align=Right baseline=Bottom bold=false italic=false underline=false
PopClip
PushClip x=108 y=100 w=64 h=20
Text x=169 y=117 text="5002" font="Calibri" size=14.666667 color=Color(255) align=Right baseline=Bottom bold=false italic=false underline=false
PopClip
PushClip x=172 y=100 w=64 h=20
Text x=233 y=117 text="5003" font="Calibri" size=14.666667 color=Color(255) align=Right baseline=Bottom bold=false italic=false underline=false
PopClip
PushClip x=236 y=100 w=64 h=20
Text x=297 y=117 text="5004" font="Calibri" size=14.666667 color=Color(255) align=Right baseline=Bottom bold=false italic=false underline=false
PopClip
PushClip x=300 y=100 w=64 h=20
Text x=361 y=117 text="5005" font="Calibri" size=14.666667 color=Color(255) align=Right baseline=Bottom bold=false italic=false underline=false
PopClip
PushClip x=364 y=100 w=64 h=20
Text x=425 y=117 text="5006" font="Calibri" size=14.666667 color=Color(255) align=Right baseline=Bottom bold=false italic=false underline=false
PopClip
PushClip x=428 y=100 w=64 h=20
Text x=489 y=117 text="5007" font="Calibri" size=14.666667 color=Color(255) align=Right baseline=Bottom bold=false italic=false underline=false
PopClip
PushClip x=492 y=100 w=64 h=20
Text x=553 y=117 text="5008" font="Calibri" size=14.666667 color=Color(255) align=Right baseline=Bottom bold=false italic=false underline=false
PopClip
PushClip x=556 y=100 w=64 h=20
Text x=617 y=117 text="5009" font="Calibri" size=14.666667 color=Color(255) align=Right baseline=Bottom bold=false italic=false underline=false
PopClip
PushClip x=620 y=100 w=64 h=20
Text x=681 y=117 text="5010" font="Calibri" size=14.666667 color=Color(255) align=Right baseline=Bottom bold=false italic=false underline=false
PopClip
PushClip x=684 y=100 w=64 h=20
Text x=745 y=117 text="5011" font="Calibri" size=14.666667 color=Color(255) align=Right baseline=Bottom bold=false italic=false underline=false
PopClip
PushClip x=748 y=100 w=64 h=20
Text x=809 y=117 text="5012" font="Calibri" size=14.666667 color=Color(255) align=Right baseline=Bottom bold=false italic=false underline=false
PopClip
PushClip x=44 y=120 w=64 h=20
Text x=105 y=137 text="6001" font="Calibri" size=14.666667 color=Color(255) align=Right baseline=Bottom bold=false italic=false underline=false
PopClip
PushClip x=108 y=120 w=64 h=20
Text x=169 y=137 text="6002" font="Calibri" size=14.666667 color=Color(255) align=Right baseline=Bottom bold=false italic=false underline=false
PopClip
PushClip x=172 y=120 w=64 h=20
Text x=233 y=137 text="6003" font="Calibri" size=14.666667 color=Color(255) align=Right baseline=Bottom bold=false italic=false underline=false
PopClip
PushClip x=236 y=120 w=64 h=20
Text x=297 y=137 text="6004" font="Calibri" size=14.666667 color=Color(255) align=Right baseline=Bottom bold=false italic=false underline=false
PopClip
PushClip x=300 y=120 w=64 h=20
Text x=361 y=137 text="6005" font="Calibri" size=14.666667 color=Color(255) align=Right baseline=Bottom bold=false italic=false underline=false
PopClip
PushClip x=364 y=120 w=64 h=20
Text x=425 y=137 text="6006" font="Calibri" size=14.666667 color=Color(255) align=Right baseline=Bottom bold=false italic=false underline=false
PopClip
PushClip x=428 y=120 w=64 h=20
Text x=489 y=137 text="6007" font="Calibri" size=14.666667 color=Color(255) align=Right baseline=Bottom bold=false italic=false underline=false
PopClip
PushClip x=492 y=120 w=64 h=20
Text x=553 y=137 text="6008" font="Calibri" size=14.666667 color=Color(255) align=Right baseline=Bottom bold=false italic=false underline=false
PopClip
PushClip x=556 y=120 w=64 h=20
Text x=617 y=137 text="6009" font="Calibri" size=14.666667 color=Color(255) align=Right baseline=Bottom bold=false italic=false underline=false
PopClip
PushClip x=620 y=120 w=64 h=20
Text x=681 y=137 text="6010" font="Calibri" size=14.666667 color=Color(255) align=Right baseline=Bottom bold=false italic=false underline=false
PopClip
PushClip x=684 y=120 w=64 h=20
Text x=745 y=137 text="6011" font="Calibri" size=14.666667 color=Color(255) align=Right baseline=Bottom bold=false italic=false underline=false
PopClip
PushClip x=748 y=120 w=64 h=20
Text x=809 y=137 text="6012" font="Calibri" size=14.666667 color=Color(255) align=Right baseline=Bottom bold=false italic=false underline=false
PopClip
PushClip x=44 y=140 w=64 h=20
Text x=105 y=157 text="7001" font="Calibri" size=14.666667 color=Color(255) align=Right baseline=Bottom bold=false italic=false underline=false
PopClip
PushClip x=108 y=140 w=64 h=20
Text x=169 y=157 text="7002" font="Calibri" size=14.666667 color=Color(255) align=Right baseline=Bottom bold=false italic=false underline=false
PopClip
PushClip x=172 y=140 w=64 h=20
Text x=233 y=157 text="7003" font="Calibri" size=14.666667 color=Color(255) align=Right baseline=Bottom bold=false italic=false underline=false
PopClip
PushClip x=236 y=140 w=64 h=20
Text x=297 y=157 text="7004" font="Calibri" size=14.666667 color=Color(255) align=Right baseline=Bottom bold=false italic=false underline=false
PopClip
PushClip x=300 y=140 w=64 h=20
Text x=361 y=157 text="7005" font="Calibri" size=14.666667 color=Color(255) align=Right baseline=Bottom bold=false italic=false underline=false
PopClip
PushClip x=364 y=140 w=64 h=20
Text x=425 y=157 text="7006" font="Calibri" size=14.666667 color=Color(255) align=Right baseline=Bottom bold=false italic=false underline=false
PopClip
PushClip x=428 y=140 w=64 h=20
Text x=489 y=157 text="7007" font="Calibri" size=14.666667 color=Color(255) align=Right baseline=Bottom bold=false italic=false underline=false
PopClip
PushClip x=492 y=140 w=64 h=20
Text x=553 y=157 text="7008" font="Calibri" size=14.666667 color=Color(255) align=Right baseline=Bottom bold=false italic=false underline=false
PopClip
PushClip x=556 y=140 w=64 h=20
Text x=617 y=157 text="7009" font="Calibri" size=14.666667 color=Color(255) align=Right baseline=Bottom bold=false italic=false underline=false
PopClip
PushClip x=620 y=140 w=64 h=20
Text x=681 y=157 text="7010" font="Calibri" size=14.666667 color=Color(255) align=Right baseline=Bottom bold=false italic=false underline=false
PopClip
PushClip x=684 y=140 w=64 h=20
Text x=745 y=157 text="7011" font="Calibri" size=14.666667 color=Color(255) align=Right baseline=Bottom bold=false italic=false underline=false
PopClip
PushClip x=748 y=140 w=64 h=20
Text x=809 y=157 text="7012" font="Calibri" size=14.666667 color=Color(255) align=Right baseline=Bottom bold=false italic=false underline=false
PopClip
PushClip x=44 y=160 w=64 h=20
Text x=105 y=177 text="8001" font="Calibri" size=14.666667 color=Color(255) align=Right baseline=Bottom bold=false italic=false underline=false
PopClip
PushClip x=108 y=160 w=64 h=20
Text x=169 y=177 text="8002" font="Calibri" size=14.666667 color=Color(255) align=Right baseline=Bottom bold=false italic=false underline=false
PopClip
PushClip x=172 y=160 w=64 h=20
Text x=233 y=177 text="8003" font="Calibri" size=14.666667 color=Color(255) align=Right baseline=Bottom bold=false italic=false underline=false
PopClip
PushClip x=236 y=160 w=64 h=20
Text x=297 y=177 text="8004" font="Calibri" size=14.666667 color=Color(255) align=Right baseline=Bottom bold=false italic=false underline=false
PopClip
PushClip x=300 y=160 w=64 h=20
Text x=361 y=177 text="8005" font="Calibri" size=14.666667 color=Color(255) align=Right baseline=Bottom bold=false italic=false underline=false
PopClip
PushClip x=364 y=160 w=64 h=20
Text x=425 y=177 text="8006" font="Calibri" size=14.666667 color=Color(255) align=Right baseline=Bottom bold=false italic=false underline=false
PopClip
PushClip x=428 y=160 w=64 h=20
Text x=489 y=177 text="8007" font="Calibri" size=14.666667 color=Color(255) align=Right baseline=Bottom bold=false italic=false underline=false
PopClip
PushClip x=492 y=160 w=64 h=20
Text x=553 y=177 text="8008" font="Calibri" size=14.666667 color=Color(255) align=Right baseline=Bottom bold=false italic=false underline=false
PopClip
PushClip x=556 y=160 w=64 h=20
Text x=617 y=177 text="8009" font="Calibri" size=14.666667 color=Color(255) align=Right baseline=Bottom bold=false italic=false underline=false
PopClip
PushClip x=620 y=160 w=64 h=20
Text x=681 y=177 text="8010" font="Calibri" size=14.666667 color=Color(255) align=Right baseline=Bottom bold=false italic=false underline=false
PopClip
PushClip x=684 y=160 w=64 h=20
Text x=745 y=177 text="8011" font="Calibri" size=14.666667 color=Color(255) align=Right baseline=Bottom bold=false italic=false underline=false
PopClip
PushClip x=748 y=160 w=64 h=20
Text x=809 y=177 text="8012" font="Calibri" size=14.666667 color=Color(255) align=Right baseline=Bottom bold=false italic=false underline=false
PopClip
PushClip x=44 y=180 w=64 h=20
Text x=105 y=197 text="9001" font="Calibri" size=14.666667 color=Color(255) align=Right baseline=Bottom bold=false italic=false underline=false
PopClip
PushClip x=108 y=180 w=64 h=20
Text x=169 y=197 text="9002" font="Calibri" size=14.666667 color=Color(255) align=Right baseline=Bottom bold=false italic=false underline=false
PopClip
PushClip x=172 y=180 w=64 h=20
Text x=233 y=197 text="9003" font="Calibri" size=14.666667 color=Color(255) align=Right baseline=Bottom bold=false italic=false underline=false
PopClip
PushClip x=236 y=180 w=64 h=20
Text x=297 y=197 text="9004" font="Calibri" size=14.666667 color=Color(255) align=Right baseline=Bottom bold=false italic=false underline=false
PopClip
PushClip x=300 y=180 w=64 h=20
Text x=361 y=197 text="9005" font="Calibri" size=14.666667 color=Color(255) align=Right baseline=Bottom bold=false italic=false underline=false
PopClip
PushClip x=364 y=180 w=64 h=20
Text x=425 y=197 text="9006" font="Calibri" size=14.666667 color=Color(255) align=Right baseline=Bottom bold=false italic=false underline=false
PopClip
PushClip x=428 y=180 w=64 h=20
Text x=489 y=197 text="9007" font="Calibri" size=14.666667 color=Color(255) align=Right baseline=Bottom bold=false italic=false underline=false
PopClip
PushClip x=492 y=180 w=64 h=20
Text x=553 y=197 text="9008" font="Calibri" size=14.666667 color=Color(255) align=Right baseline=Bottom bold=false italic=false underline=false
PopClip
PushClip x=556 y=180 w=64 h=20
Text x=617 y=197 text="9009" font="Calibri" size=14.666667 color=Color(255) align=Right baseline=Bottom bold=false italic=false underline=false
PopClip
PushClip x=620 y=180 w=64 h=20
Text x=681 y=197 text="9010" font="Calibri" size=14.666667 color=Color(255) align=Right baseline=Bottom bold=false italic=false underline=false
PopClip
PushClip x=684 y=180 w=64 h=20
Text x=745 y=197 text="9011" font="Calibri" size=14.666667 color=Color(255) align=Right baseline=Bottom bold=false italic=false underline=false
PopClip
PushClip x=748 y=180 w=64 h=20
Text x=809 y=197 text="9012" font="Calibri" size=14.666667 color=Color(255) align=Right baseline=Bottom bold=false italic=false underline=false
PopClip
PushClip x=44 y=200 w=64 h=20
Text x=105 y=217 text="10001" font="Calibri" size=14.666667 color=Color(255) align=Right baseline=Bottom bold=false italic=false underline=false
PopClip
PushClip x=108 y=200 w=64 h=20
Text x=169 y=217 text="10002" font="Calibri" size=14.666667 color=Color(255) align=Right baseline=Bottom bold=false italic=false underline=false
PopClip
PushClip x=172 y=200 w=64 h=20
Text x=233 y=217 text="10003" font="Calibri" size=14.666667 color=Color(255) align=Right baseline=Bottom bold=false italic=false underline=false
PopClip
PushClip x=236 y=200 w=64 h=20
Text x=297 y=217 text="10004" font="Calibri" size=14.666667 color=Color(255) align=Right baseline=Bottom bold=false italic=false underline=false
PopClip
PushClip x=300 y=200 w=64 h=20
Text x=361 y=217 text="10005" font="Calibri" size=14.666667 color=Color(255) align=Right baseline=Bottom bold=false italic=false underline=false
PopClip
PushClip x=364 y=200 w=64 h=20
Text x=425 y=217 text="10006" font="Calibri" size=14.666667 color=Color(255) align=Right baseline=Bottom bold=false italic=false underline=false
PopClip
PushClip x=428 y=200 w=64 h=20
Text x=489 y=217 text="10007" font="Calibri" size=14.666667 color=Color(255) align=Right baseline=Bottom bold=false italic=false underline=false
PopClip
PushClip x=492 y=200 w=64 h=20
Text x=553 y=217 text="10008" font="Calibri" size=14.666667 color=Color(255) align=Right baseline=Bottom bold=false italic=false underline=false
PopClip
PushClip x=556 y=200 w=64 h=20
Text x=617 y=217 text="10009" font="Calibri" size=14.666667 color=Color(255) align=Right baseline=Bottom bold=false italic=false underline=false
PopClip
PushClip x=620 y=200 w=64 h=20
Text x=681 y=217 text="10010" font="Calibri" size=14.666667 color=Color(255) align=Right baseline=Bottom bold=false italic=false underline=false
PopClip
PushClip x=684 y=200 w=64 h=20
Text x=745 y=217 text="10011" font="Calibri" size=14.666667 color=Color(255) align=Right baseline=Bottom bold=false italic=false underline=false
PopClip
PushClip x=748 y=200 w=64 h=20
Text x=809 y=217 text="10012" font="Calibri" size=14.666667 color=Color(255) align=Right baseline=Bottom bold=false italic=false underline=false
PopClip
PushClip x=44 y=220 w=64 h=20
Text x=105 y=237 text="11001" font="Calibri" size=14.666667 color=Color(255) align=Right baseline=Bottom bold=false italic=false underline=false
PopClip
PushClip x=108 y=220 w=64 h=20
Text x=169 y=237 text="11002" font="Calibri" size=14.666667 color=Color(255) align=Right baseline=Bottom bold=false italic=false underline=false
PopClip
PushClip x=172 y=220 w=64 h=20
Text x=233 y=237 text="11003" font="Calibri" size=14.666667 color=Color(255) align=Right baseline=Bottom bold=false italic=false underline=false
PopClip
PushClip x=236 y=220 w=64 h=20
Text x=297 y=237 text="11004" font="Calibri" size=14.666667 color=Color(255) align=Right baseline=Bottom bold=false italic=false underline=false
PopClip
PushClip x=300 y=220 w=64 h=20
Text x=361 y=237 text="11005" font="Calibri" size=14.666667 color=Color(255) align=Right baseline=Bottom bold=false italic=false underline=false
PopClip
PushClip x=364 y=220 w=64 h=20
Text x=425 y=237 text="11006" font="Calibri" size=14.666667 color=Color(255) align=Right baseline=Bottom bold=false italic=false underline=false
PopClip
PushClip x=428 y=220 w=64 h=20
Text x=489 y=237 text="11007" font="Calibri" size=14.666667 color=Color(255) align=Right baseline=Bottom bold=false italic=false underline=false
PopClip
PushClip x=492 y=220 w=64 h=20
Text x=553 y=237 text="11008" font="Calibri" size=14.666667 color=Color(255) align=Right baseline=Bottom bold=false italic=false underline=false
PopClip
PushClip x=556 y=220 w=64 h=20
Text x=617 y=237 text="11009" font="Calibri" size=14.666667 color=Color(255) align=Right baseline=Bottom bold=false italic=false underline=false
PopClip
PushClip x=620 y=220 w=64 h=20
Text x=681 y=237 text="11010" font="Calibri" size=14.666667 color=Color(255) align=Right baseline=Bottom bold=false italic=false underline=false
PopClip
PushClip x=684 y=220 w=64 h=20
Text x=745 y=237 text="11011" font="Calibri" size=14.666667 color=Color(255) align=Right baseline=Bottom bold=false italic=false underline=false
PopClip
PushClip x=748 y=220 w=64 h=20
Text x=809 y=237 text="11012" font="Calibri" size=14.666667 color=Color(255) align=Right baseline=Bottom bold=false italic=false underline=false
PopClip
PushClip x=44 y=240 w=64 h=20
Text x=105 y=257 text="12001" font="Calibri" size=14.666667 color=Color(255) align=Right baseline=Bottom bold=false italic=false underline=false
PopClip
PushClip x=108 y=240 w=64 h=20
Text x=169 y=257 text="12002" font="Calibri" size=14.666667 color=Color(255) align=Right baseline=Bottom bold=false italic=false underline=false
PopClip
PushClip x=172 y=240 w=64 h=20
Text x=233 y=257 text="12003" font="Calibri" size=14.666667 color=Color(255) align=Right baseline=Bottom bold=false italic=false underline=false
PopClip
PushClip x=236 y=240 w=64 h=20
Text x=297 y=257 text="12004" font="Calibri" size=14.666667 color=Color(255) align=Right baseline=Bottom bold=false italic=false underline=false
PopClip
PushClip x=300 y=240 w=64 h=20
Text x=361 y=257 text="12005" font="Calibri" size=14.666667 color=Color(255) align=Right baseline=Bottom bold=false italic=false underline=false
PopClip
PushClip x=364 y=240 w=64 h=20
Text x=425 y=257 text="12006" font="Calibri" size=14.666667 color=Color(255) align=Right baseline=Bottom bold=false italic=false underline=false
PopClip
PushClip x=428 y=240 w=64 h=20
Text x=489 y=257 text="12007" font="Calibri" size=14.666667 color=Color(255) align=Right baseline=Bottom bold=false italic=false underline=false
PopClip
PushClip x=492 y=240 w=64 h=20
Text x=553 y=257 text="12008" font="Calibri" size=14.666667 color=Color(255) align=Right baseline=Bottom bold=false italic=false underline=false
PopClip
PushClip x=556 y=240 w=64 h=20
Text x=617 y=257 text="12009" font="Calibri" size=14.666667 color=Color(255) align=Right baseline=Bottom bold=false italic=false underline=false
PopClip
PushClip x=620 y=240 w=64 h=20
Text x=681 y=257 text="12010" font="Calibri" size=14.666667 color=Color(255) align=Right baseline=Bottom bold=false italic=false underline=false
PopClip
PushClip x=684 y=240 w=64 h=20
Text x=745 y=257 text="12011" font="Calibri" size=14.666667 color=Color(255) align=Right baseline=Bottom bold=false italic=false underline=false
PopClip
PushClip x=748 y=240 w=64 h=20
Text x=809 y=257 text="12012" font="Calibri" size=14.666667 color=Color(255) align=Right baseline=Bottom bold=false italic=false underline=false
PopClip
PushClip x=44 y=260 w=64 h=20
Text x=105 y=277 text="13001" font="Calibri" size=14.666667 color=Color(255) align=Right baseline=Bottom bold=false italic=false underline=false
PopClip
PushClip x=108 y=260 w=64 h=20
Text x=169 y=277 text="13002" font="Calibri" size=14.666667 color=Color(255) align=Right baseline=Bottom bold=false italic=false underline=false
PopClip
PushClip x=172 y=260 w=64 h=20
Text x=233 y=277 text="13003" font="Calibri" size=14.666667 color=Color(255) align=Right baseline=Bottom bold=false italic=false underline=false
PopClip
PushClip x=236 y=260 w=64 h=20
Text x=297 y=277 text="13004" font="Calibri" size=14.666667 color=Color(255) align=Right baseline=Bottom bold=false italic=false underline=false
PopClip
PushClip x=300 y=260 w=64 h=20
Text x=361 y=277 text="13005" font="Calibri" size=14.666667 color=Color(255) align=Right baseline=Bottom bold=false italic=false underline=false
PopClip
PushClip x=364 y=260 w=64 h=20
Text x=425 y=277 text="13006" font="Calibri" size=14.666667 color=Color(255) align=Right baseline=Bottom bold=false italic=false underline=false
PopClip
PushClip x=428 y=260 w=64 h=20
Text x=489 y=277 text="13007" font="Calibri" size=14.666667 color=Color(255) align=Right baseline=Bottom bold=false italic=false underline=false
PopClip
PushClip x=492 y=260 w=64 h=20
Text x=553 y=277 text="13008" font="Calibri" size=14.666667 color=Color(255) align=Right baseline=Bottom bold=false italic=false underline=false
PopClip
PushClip x=556 y=260 w=64 h=20
Text x=617 y=277 text="13009" font="Calibri" size=14.666667 color=Color(255) align=Right baseline=Bottom bold=false italic=false underline=false
PopClip
PushClip x=620 y=260 w=64 h=20
Text x=681 y=277 text="13010" font="Calibri" size=14.666667 color=Color(255) align=Right baseline=Bottom bold=false italic=false underline=false
PopClip
PushClip x=684 y=260 w=64 h=20
Text x=745 y=277 text="13011" font="Calibri" size=14.666667 color=Color(255) align=Right baseline=Bottom bold=false italic=false underline=false
PopClip
PushClip x=748 y=260 w=64 h=20
Text x=809 y=277 text="13012" font="Calibri" size=14.666667 color=Color(255) align=Right baseline=Bottom bold=false italic=false underline=false
PopClip
PushClip x=44 y=280 w=64 h=20
Text x=105 y=297 text="14001" font="Calibri" size=14.666667 color=Color(255) align=Right baseline=Bottom bold=false italic=false underline=false
PopClip
PushClip x=108 y=280 w=64 h=20
Text x=169 y=297 text="14002" font="Calibri" size=14.666667 color=Color(255) align=Right baseline=Bottom bold=false italic=false underline=false
PopClip
PushClip x=172 y=280 w=64 h=20
Text x=233 y=297 text="14003" font="Calibri" size=14.666667 color=Color(255) align=Right baseline=Bottom bold=false italic=false underline=false
PopClip
PushClip x=236 y=280 w=64 h=20
Text x=297 y=297 text="14004" font="Calibri" size=14.666667 color=Color(255) align=Right baseline=Bottom bold=false italic=false underline=false
PopClip
PushClip x=300 y=280 w=64 h=20
Text x=361 y=297 text="14005" font="Calibri" size=14.666667 color=Color(255) align=Right baseline=Bottom bold=false italic=false underline=false
PopClip
PushClip x=364 y=280 w=64 h=20
Text x=425 y=297 text="14006" font="Calibri" size=14.666667 color=Color(255) align=Right baseline=Bottom bold=false italic=false underline=false
PopClip
PushClip x=428 y=280 w=64 h=20
Text x=489 y=297 text="14007" font="Calibri" size=14.666667 color=Color(255) align=Right baseline=Bottom bold=false italic=false underline=false
PopClip
PushClip x=492 y=280 w=64 h=20
Text x=553 y=297 text="14008" font="Calibri" size=14.666667 color=Color(255) align=Right baseline=Bottom bold=false italic=false underline=false
PopClip
PushClip x=556 y=280 w=64 h=20
Text x=617 y=297 text="14009" font="Calibri" size=14.666667 color=Color(255) align=Right baseline=Bottom bold=false italic=false underline=false
PopClip
PushClip x=620 y=280 w=64 h=20
Text x=681 y=297 text="14010" font="Calibri" size=14.666667 color=Color(255) align=Right baseline=Bottom bold=false italic=false underline=false
PopClip
PushClip x=684 y=280 w=64 h=20
Text x=745 y=297 text="14011" font="Calibri" size=14.666667 color=Color(255) align=Right baseline=Bottom bold=false italic=false underline=false
PopClip
PushClip x=748 y=280 w=64 h=20
Text x=809 y=297 text="14012" font="Calibri" size=14.666667 color=Color(255) align=Right baseline=Bottom bold=false italic=false underline=false
PopClip
PushClip x=44 y=300 w=64 h=20
Text x=105 y=317 text="15001" font="Calibri" size=14.666667 color=Color(255) align=Right baseline=Bottom bold=false italic=false underline=false
PopClip
PushClip x=108 y=300 w=64 h=20
Text x=169 y=317 text="15002" font="Calibri" size=14.666667 color=Color(255) align=Right baseline=Bottom bold=false italic=false underline=false
PopClip
PushClip x=172 y=300 w=64 h=20
Text x=233 y=317 text="15003" font="Calibri" size=14.666667 color=Color(255) align=Right baseline=Bottom bold=false italic=false underline=false
PopClip
PushClip x=236 y=300 w=64 h=20
Text x=297 y=317 text="15004" font="Calibri" size=14.666667 color=Color(255) align=Right baseline=Bottom bold=false italic=false underline=false
PopClip
PushClip x=300 y=300 w=64 h=20
Text x=361 y=317 text="15005" font="Calibri" size=14.666667 color=Color(255) align=Right baseline=Bottom bold=false italic=false underline=false
PopClip
PushClip x=364 y=300 w=64 h=20
Text x=425 y=317 text="15006" font="Calibri" size=14.666667 color=Color(255) align=Right baseline=Bottom bold=false italic=false underline=false
PopClip
PushClip x=428 y=300 w=64 h=20
Text x=489 y=317 text="15007" font="Calibri" size=14.666667 color=Color(255) align=Right baseline=Bottom bold=false italic=false underline=false
PopClip
PushClip x=492 y=300 w=64 h=20
Text x=553 y=317 text="15008" font="Calibri" size=14.666667 color=Color(255) align=Right baseline=Bottom bold=false italic=false underline=false
PopClip
PushClip x=556 y=300 w=64 h=20
Text x=617 y=317 text="15009" font="Calibri" size=14.666667 color=Color(255) align=Right baseline=Bottom bold=false italic=false underline=false
PopClip
PushClip x=620 y=300 w=64 h=20
Text x=681 y=317 text="15010" font="Calibri" size=14.666667 color=Color(255) align=Right baseline=Bottom bold=false italic=false underline=false
PopClip
PushClip x=684 y=300 w=64 h=20
Text x=745 y=317 text="15011" font="Calibri" size=14.666667 color=Color(255) align=Right baseline=Bottom bold=false italic=false underline=false
PopClip
PushClip x=748 y=300 w=64 h=20
Text x=809 y=317 text="15012" font="Calibri" size=14.666667 color=Color(255) align=Right baseline=Bottom bold=false italic=false underline=false
PopClip
PushClip x=44 y=320 w=64 h=20
Text x=105 y=337 text="16001" font="Calibri" size=14.666667 color=Color(255) align=Right baseline=Bottom bold=false italic=false underline=false
PopClip
PushClip x=108 y=320 w=64 h=20
Text x=169 y=337 text="16002" font="Calibri" size=14.666667 color=Color(255) align=Right baseline=Bottom bold=false italic=false underline=false
PopClip
PushClip x=172 y=320 w=64 h=20
Text x=233 y=337 text="16003" font="Calibri" size=14.666667 color=Color(255) align=Right baseline=Bottom bold=false italic=false underline=false
PopClip
PushClip x=236 y=320 w=64 h=20
Text x=297 y=337 text="16004" font="Calibri" size=14.666667 color=Color(255) align=Right baseline=Bottom bold=false italic=false underline=false
PopClip
PushClip x=300 y=320 w=64 h=20
Text x=361 y=337 text="16005" font="Calibri" size=14.666667 color=Color(255) align=Right baseline=Bottom bold=false italic=false underline=false
PopClip
PushClip x=364 y=320 w=64 h=20
Text x=425 y=337 text="16006" font="Calibri" size=14.666667 color=Color(255) align=Right baseline=Bottom bold=false italic=false underline=false
PopClip
PushClip x=428 y=320 w=64 h=20
Text x=489 y=337 text="16007" font="Calibri" size=14.666667 color=Color(255) align=Right baseline=Bottom bold=false italic=false underline=false
PopClip
PushClip x=492 y=320 w=64 h=20
Text x=553 y=337 text="16008" font="Calibri" size=14.666667 color=Color(255) align=Right baseline=Bottom bold=false italic=false underline=false
PopClip
PushClip x=556 y=320 w=64 h=20
Text x=617 y=337 text="16009" font="Calibri" size=14.666667 color=Color(255) align=Right baseline=Bottom bold=false italic=false underline=false
PopClip
PushClip x=620 y=320 w=64 h=20
Text x=681 y=337 text="16010" font="Calibri" size=14.666667 color=Color(255) align=Right baseline=Bottom bold=false italic=false underline=false
PopClip
PushClip x=684 y=320 w=64 h=20
Text x=745 y=337 text="16011" font="Calibri" size=14.666667 color=Color(255) align=Right baseline=Bottom bold=false italic=false underline=false
PopClip
PushClip x=748 y=320 w=64 h=20
Text x=809 y=337 text="16012" font="Calibri" size=14.666667 color=Color(255) align=Right baseline=Bottom bold=false italic=false underline=false
PopClip
PushClip x=44 y=340 w=64 h=20
Text x=105 y=357 text="17001" font="Calibri" size=14.666667 color=Color(255) align=Right baseline=Bottom bold=false italic=false underline=false
PopClip
PushClip x=108 y=340 w=64 h=20
Text x=169 y=357 text="17002" font="Calibri" size=14.666667 color=Color(255) align=Right baseline=Bottom bold=false italic=false underline=false
PopClip
PushClip x=172 y=340 w=64 h=20
Text x=233 y=357 text="17003" font="Calibri" size=14.666667 color=Color(255) align=Right baseline=Bottom bold=false italic=false underline=false
PopClip
PushClip x=236 y=340 w=64 h=20
Text x=297 y=357 text="17004" font="Calibri" size=14.666667 color=Color(255) align=Right baseline=Bottom bold=false italic=false underline=false
PopClip
PushClip x=300 y=340 w=64 h=20
Text x=361 y=357 text="17005" font="Calibri" size=14.666667 color=Color(255) align=Right baseline=Bottom bold=false italic=false underline=false
PopClip
PushClip x=364 y=340 w=64 h=20
Text x=425 y=357 text="17006" font="Calibri" size=14.666667 color=Color(255) align=Right baseline=Bottom bold=false italic=false underline=false
PopClip
PushClip x=428 y=340 w=64 h=20
Text x=489 y=357 text="17007" font="Calibri" size=14.666667 color=Color(255) align=Right baseline=Bottom bold=false italic=false underline=false
PopClip
PushClip x=492 y=340 w=64 h=20
Text x=553 y=357 text="17008" font="Calibri" size=14.666667 color=Color(255) align=Right baseline=Bottom bold=false italic=false underline=false
PopClip
PushClip x=556 y=340 w=64 h=20
Text x=617 y=357 text="17009" font="Calibri" size=14.666667 color=Color(255) align=Right baseline=Bottom bold=false italic=false underline=false
PopClip
PushClip x=620 y=340 w=64 h=20
Text x=681 y=357 text="17010" font="Calibri" size=14.666667 color=Color(255) align=Right baseline=Bottom bold=false italic=false underline=false
PopClip
PushClip x=684 y=340 w=64 h=20
Text x=745 y=357 text="17011" font="Calibri" size=14.666667 color=Color(255) align=Right baseline=Bottom bold=false italic=false underline=false
PopClip
PushClip x=748 y=340 w=64 h=20
Text x=809 y=357 text="17012" font="Calibri" size=14.666667 color=Color(255) align=Right baseline=Bottom bold=false italic=false underline=false
PopClip
PushClip x=44 y=360 w=64 h=20
Text x=105 y=377 text="18001" font="Calibri" size=14.666667 color=Color(255) align=Right baseline=Bottom bold=false italic=false underline=false
PopClip
PushClip x=108 y=360 w=64 h=20
Text x=169 y=377 text="18002" font="Calibri" size=14.666667 color=Color(255) align=Right baseline=Bottom bold=false italic=false underline=false
PopClip
PushClip x=172 y=360 w=64 h=20
Text x=233 y=377 text="18003" font="Calibri" size=14.666667 color=Color(255) align=Right baseline=Bottom bold=false italic=false underline=false
PopClip
PushClip x=236 y=360 w=64 h=20
Text x=297 y=377 text="18004" font="Calibri" size=14.666667 color=Color(255) align=Right baseline=Bottom bold=false italic=false underline=false
PopClip
PushClip x=300 y=360 w=64 h=20
Text x=361 y=377 text="18005" font="Calibri" size=14.666667 color=Color(255) align=Right baseline=Bottom bold=false italic=false underline=false
PopClip
PushClip x=364 y=360 w=64 h=20
Text x=425 y=377 text="18006" font="Calibri" size=14.666667 color=Color(255) align=Right baseline=Bottom bold=false italic=false underline=false
PopClip
PushClip x=428 y=360 w=64 h=20
Text x=489 y=377 text="18007" font="Calibri" size=14.666667 color=Color(255) align=Right baseline=Bottom bold=false italic=false underline=false
PopClip
PushClip x=492 y=360 w=64 h=20
Text x=553 y=377 text="18008" font="Calibri" size=14.666667 color=Color(255) align=Right baseline=Bottom bold=false italic=false underline=false
PopClip
PushClip x=556 y=360 w=64 h=20
Text x=617 y=377 text="18009" font="Calibri" size=14.666667 color=Color(255) align=Right baseline=Bottom bold=false italic=false underline=false
PopClip
PushClip x=620 y=360 w=64 h=20
Text x=681 y=377 text="18010" font="Calibri" size=14.666667 color=Color(255) align=Right baseline=Bottom bold=false italic=false underline=false
PopClip
PushClip x=684 y=360 w=64 h=20
Text x=745 y=377 text="18011" font="Calibri" size=14.666667 color=Color(255) align=Right baseline=Bottom bold=false italic=false underline=false
PopClip
PushClip x=748 y=360 w=64 h=20
Text x=809 y=377 text="18012" font="Calibri" size=14.666667 color=Color(255) align=Right baseline=Bottom bold=false italic=false underline=false
PopClip
PushClip x=44 y=380 w=64 h=20
Text x=105 y=397 text="19001" font="Calibri" size=14.666667 color=Color(255) align=Right baseline=Bottom bold=false italic=false underline=false
PopClip
PushClip x=108 y=380 w=64 h=20
Text x=169 y=397 text="19002" font="Calibri" size=14.666667 color=Color(255) align=Right baseline=Bottom bold=false italic=false underline=false
PopClip
PushClip x=172 y=380 w=64 h=20
Text x=233 y=397 text="19003" font="Calibri" size=14.666667 color=Color(255) align=Right baseline=Bottom bold=false italic=false underline=false
PopClip
PushClip x=236 y=380 w=64 h=20
Text x=297 y=397 text="19004" font="Calibri" size=14.666667 color=Color(255) align=Right baseline=Bottom bold=false italic=false underline=false
PopClip
PushClip x=300 y=380 w=64 h=20
Text x=361 y=397 text="19005" font="Calibri" size=14.666667 color=Color(255) align=Right baseline=Bottom bold=false italic=false underline=false
PopClip
PushClip x=364 y=380 w=64 h=20
Text x=425 y=397 text="19006" font="Calibri" size=14.666667 color=Color(255) align=Right baseline=Bottom bold=false italic=false underline=false
PopClip
PushClip x=428 y=380 w=64 h=20
Text x=489 y=397 text="19007" font="Calibri" size=14.666667 color=Color(255) align=Right baseline=Bottom bold=false italic=false underline=false
PopClip
PushClip x=492 y=380 w=64 h=20
Text x=553 y=397 text="19008" font="Calibri" size=14.666667 color=Color(255) align=Right baseline=Bottom bold=false italic=false underline=false
PopClip
PushClip x=556 y=380 w=64 h=20
Text x=617 y=397 text="19009" font="Calibri" size=14.666667 color=Color(255) align=Right baseline=Bottom bold=false italic=false underline=false
PopClip
PushClip x=620 y=380 w=64 h=20
Text x=681 y=397 text="19010" font="Calibri" size=14.666667 color=Color(255) align=Right baseline=Bottom bold=false italic=false underline=false
PopClip
PushClip x=684 y=380 w=64 h=20
Text x=745 y=397 text="19011" font="Calibri" size=14.666667 color=Color(255) align=Right baseline=Bottom bold=false italic=false underline=false
PopClip
PushClip x=748 y=380 w=64 h=20
Text x=809 y=397 text="19012" font="Calibri" size=14.666667 color=Color(255) align=Right baseline=Bottom bold=false italic=false underline=false
PopClip
PushClip x=44 y=400 w=64 h=20
Text x=105 y=417 text="20001" font="Calibri" size=14.666667 color=Color(255) align=Right baseline=Bottom bold=false italic=false underline=false
PopClip
PushClip x=108 y=400 w=64 h=20
Text x=169 y=417 text="20002" font="Calibri" size=14.666667 color=Color(255) align=Right baseline=Bottom bold=false italic=false underline=false
PopClip
PushClip x=172 y=400 w=64 h=20
Text x=233 y=417 text="20003" font="Calibri" size=14.666667 color=Color(255) align=Right baseline=Bottom bold=false italic=false underline=false
PopClip
PushClip x=236 y=400 w=64 h=20
Text x=297 y=417 text="20004" font="Calibri" size=14.666667 color=Color(255) align=Right baseline=Bottom bold=false italic=false underline=false
PopClip
PushClip x=300 y=400 w=64 h=20
Text x=361 y=417 text="20005" font="Calibri" size=14.666667 color=Color(255) align=Right baseline=Bottom bold=false italic=false underline=false
PopClip
PushClip x=364 y=400 w=64 h=20
Text x=425 y=417 text="20006" font="Calibri" size=14.666667 color=Color(255) align=Right baseline=Bottom bold=false italic=false underline=false
PopClip
PushClip x=428 y=400 w=64 h=20
Text x=489 y=417 text="20007" font="Calibri" size=14.666667 color=Color(255) align=Right baseline=Bottom bold=false italic=false underline=false
PopClip
PushClip x=492 y=400 w=64 h=20
Text x=553 y=417 text="20008" font="Calibri" size=14.666667 color=Color(255) align=Right baseline=Bottom bold=false italic=false underline=false
PopClip
PushClip x=556 y=400 w=64 h=20
Text x=617 y=417 text="20009" font="Calibri" size=14.666667 color=Color(255) align=Right baseline=Bottom bold=false italic=false underline=false
PopClip
PushClip x=620 y=400 w=64 h=20
Text x=681 y=417 text="20010" font="Calibri" size=14.666667 color=Color(255) align=Right baseline=Bottom bold=false italic=false underline=false
PopClip
PushClip x=684 y=400 w=64 h=20
Text x=745 y=417 text="20011" font="Calibri" size=14.666667 color=Color(255) align=Right baseline=Bottom bold=false italic=false underline=false
PopClip
PushClip x=748 y=400 w=64 h=20
Text x=809 y=417 text="20012" font="Calibri" size=14.666667 color=Color(255) align=Right baseline=Bottom bold=false italic=false underline=false
PopClip
PushClip x=44 y=420 w=64 h=20
Text x=105 y=437 text="21001" font="Calibri" size=14.666667 color=Color(255) align=Right baseline=Bottom bold=false italic=false underline=false
PopClip
PushClip x=108 y=420 w=64 h=20
Text x=169 y=437 text="21002" font="Calibri" size=14.666667 color=Color(255) align=Right baseline=Bottom bold=false italic=false underline=false
PopClip
PushClip x=172 y=420 w=64 h=20
Text x=233 y=437 text="21003" font="Calibri" size=14.666667 color=Color(255) align=Right baseline=Bottom bold=false italic=false underline=false
PopClip
PushClip x=236 y=420 w=64 h=20
Text x=297 y=437 text="21004" font="Calibri" size=14.666667 color=Color(255) align=Right baseline=Bottom bold=false italic=false underline=false
PopClip
PushClip x=300 y=420 w=64 h=20
Text x=361 y=437 text="21005" font="Calibri" size=14.666667 color=Color(255) align=Right baseline=Bottom bold=false italic=false underline=false
PopClip
PushClip x=364 y=420 w=64 h=20
Text x=425 y=437 text="21006" font="Calibri" size=14.666667 color=Color(255) align=Right baseline=Bottom bold=false italic=false underline=false
PopClip
PushClip x=428 y=420 w=64 h=20
Text x=489 y=437 text="21007" font="Calibri" size=14.666667 color=Color(255) align=Right baseline=Bottom bold=false italic=false underline=false
PopClip
PushClip x=492 y=420 w=64 h=20
Text x=553 y=437 text="21008" font="Calibri" size=14.666667 color=Color(255) align=Right baseline=Bottom bold=false italic=false underline=false
PopClip
PushClip x=556 y=420 w=64 h=20
Text x=617 y=437 text="21009" font="Calibri" size=14.666667 color=Color(255) align=Right baseline=Bottom bold=false italic=false underline=false
PopClip
PushClip x=620 y=420 w=64 h=20
Text x=681 y=437 text="21010" font="Calibri" size=14.666667 color=Color(255) align=Right baseline=Bottom bold=false italic=false underline=false
PopClip
PushClip x=684 y=420 w=64 h=20
Text x=745 y=437 text="21011" font="Calibri" size=14.666667 color=Color(255) align=Right baseline=Bottom bold=false italic=false underline=false
PopClip
PushClip x=748 y=420 w=64 h=20
Text x=809 y=437 text="21012" font="Calibri" size=14.666667 color=Color(255) align=Right baseline=Bottom bold=false italic=false underline=false
PopClip
PushClip x=44 y=440 w=64 h=20
Text x=105 y=457 text="22001" font="Calibri" size=14.666667 color=Color(255) align=Right baseline=Bottom bold=false italic=false underline=false
PopClip
PushClip x=108 y=440 w=64 h=20
Text x=169 y=457 text="22002" font="Calibri" size=14.666667 color=Color(255) align=Right baseline=Bottom bold=false italic=false underline=false
PopClip
PushClip x=172 y=440 w=64 h=20
Text x=233 y=457 text="22003" font="Calibri" size=14.666667 color=Color(255) align=Right baseline=Bottom bold=false italic=false underline=false
PopClip
PushClip x=236 y=440 w=64 h=20
Text x=297 y=457 text="22004" font="Calibri" size=14.666667 color=Color(255) align=Right baseline=Bottom bold=false italic=false underline=false
PopClip
PushClip x=300 y=440 w=64 h=20
Text x=361 y=457 text="22005" font="Calibri" size=14.666667 color=Color(255) align=Right baseline=Bottom bold=false italic=false underline=false
PopClip
PushClip x=364 y=440 w=64 h=20
Text x=425 y=457 text="22006" font="Calibri" size=14.666667 color=Color(255) align=Right baseline=Bottom bold=false italic=false underline=false
PopClip
PushClip x=428 y=440 w=64 h=20
Text x=489 y=457 text="22007" font="Calibri" size=14.666667 color=Color(255) align=Right baseline=Bottom bold=false italic=false underline=false
PopClip
PushClip x=492 y=440 w=64 h=20
Text x=553 y=457 text="22008" font="Calibri" size=14.666667 color=Color(255) align=Right baseline=Bottom bold=false italic=false underline=false
PopClip
PushClip x=556 y=440 w=64 h=20
Text x=617 y=457 text="22009" font="Calibri" size=14.666667 color=Color(255) align=Right baseline=Bottom bold=false italic=false underline=false
PopClip
PushClip x=620 y=440 w=64 h=20
Text x=681 y=457 text="22010" font="Calibri" size=14.666667 color=Color(255) align=Right baseline=Bottom bold=false italic=false underline=false
PopClip
PushClip x=684 y=440 w=64 h=20
Text x=745 y=457 text="22011" font="Calibri" size=14.666667 color=Color(255) align=Right baseline=Bottom bold=false italic=false underline=false
PopClip
PushClip x=748 y=440 w=64 h=20
Text x=809 y=457 text="22012" font="Calibri" size=14.666667 color=Color(255) align=Right baseline=Bottom bold=false italic=false underline=false
PopClip
PushClip x=44 y=460 w=64 h=20
Text x=105 y=477 text="23001" font="Calibri" size=14.666667 color=Color(255) align=Right baseline=Bottom bold=false italic=false underline=false
PopClip
PushClip x=108 y=460 w=64 h=20
Text x=169 y=477 text="23002" font="Calibri" size=14.666667 color=Color(255) align=Right baseline=Bottom bold=false italic=false underline=false
PopClip
PushClip x=172 y=460 w=64 h=20
Text x=233 y=477 text="23003" font="Calibri" size=14.666667 color=Color(255) align=Right baseline=Bottom bold=false italic=false underline=false
PopClip
PushClip x=236 y=460 w=64 h=20
Text x=297 y=477 text="23004" font="Calibri" size=14.666667 color=Color(255) align=Right baseline=Bottom bold=false italic=false underline=false
PopClip
PushClip x=300 y=460 w=64 h=20
Text x=361 y=477 text="23005" font="Calibri" size=14.666667 color=Color(255) align=Right baseline=Bottom bold=false italic=false underline=false
PopClip
PushClip x=364 y=460 w=64 h=20
Text x=425 y=477 text="23006" font="Calibri" size=14.666667 color=Color(255) align=Right baseline=Bottom bold=false italic=false underline=false
PopClip
PushClip x=428 y=460 w=64 h=20
Text x=489 y=477 text="23007" font="Calibri" size=14.666667 color=Color(255) align=Right baseline=Bottom bold=false italic=false underline=false
PopClip
PushClip x=492 y=460 w=64 h=20
Text x=553 y=477 text="23008" font="Calibri" size=14.666667 color=Color(255) align=Right baseline=Bottom bold=false italic=false underline=false
PopClip
PushClip x=556 y=460 w=64 h=20
Text x=617 y=477 text="23009" font="Calibri" size=14.666667 color=Color(255) align=Right baseline=Bottom bold=false italic=false underline=false
PopClip
PushClip x=620 y=460 w=64 h=20
Text x=681 y=477 text="23010" font="Calibri" size=14.666667 color=Color(255) align=Right baseline=Bottom bold=false italic=false underline=false
PopClip
PushClip x=684 y=460 w=64 h=20
Text x=745 y=477 text="23011" font="Calibri" size=14.666667 color=Color(255) align=Right baseline=Bottom bold=false italic=false underline=false
PopClip
PushClip x=748 y=460 w=64 h=20
Text x=809 y=477 text="23012" font="Calibri" size=14.666667 color=Color(255) align=Right baseline=Bottom bold=false italic=false underline=false
PopClip
PushClip x=44 y=480 w=64 h=20
Text x=105 y=497 text="24001" font="Calibri" size=14.666667 color=Color(255) align=Right baseline=Bottom bold=false italic=false underline=false
PopClip
PushClip x=108 y=480 w=64 h=20
Text x=169 y=497 text="24002" font="Calibri" size=14.666667 color=Color(255) align=Right baseline=Bottom bold=false italic=false underline=false
PopClip
PushClip x=172 y=480 w=64 h=20
Text x=233 y=497 text="24003" font="Calibri" size=14.666667 color=Color(255) align=Right baseline=Bottom bold=false italic=false underline=false
PopClip
PushClip x=236 y=480 w=64 h=20
Text x=297 y=497 text="24004" font="Calibri" size=14.666667 color=Color(255) align=Right baseline=Bottom bold=false italic=false underline=false
PopClip
PushClip x=300 y=480 w=64 h=20
Text x=361 y=497 text="24005" font="Calibri" size=14.666667 color=Color(255) align=Right baseline=Bottom bold=false italic=false underline=false
PopClip
PushClip x=364 y=480 w=64 h=20
Text x=425 y=497 text="24006" font="Calibri" size=14.666667 color=Color(255) align=Right baseline=Bottom bold=false italic=false underline=false
PopClip
PushClip x=428 y=480 w=64 h=20
Text x=489 y=497 text="24007" font="Calibri" size=14.666667 color=Color(255) align=Right baseline=Bottom bold=false italic=false underline=false
PopClip
PushClip x=492 y=480 w=64 h=20
Text x=553 y=497 text="24008" font="Calibri" size=14.666667 color=Color(255) align=Right baseline=Bottom bold=false italic=false underline=false
PopClip
PushClip x=556 y=480 w=64 h=20
Text x=617 y=497 text="24009" font="Calibri" size=14.666667 color=Color(255) align=Right baseline=Bottom bold=false italic=false underline=false
PopClip
PushClip x=620 y=480 w=64 h=20
Text x=681 y=497 text="24010" font="Calibri" size=14.666667 color=Color(255) align=Right baseline=Bottom bold=false italic=false underline=false
PopClip
PushClip x=684 y=480 w=64 h=20
Text x=745 y=497 text="24011" font="Calibri" size=14.666667 color=Color(255) align=Right baseline=Bottom bold=false italic=false underline=false
PopClip
PushClip x=748 y=480 w=64 h=20
Text x=809 y=497 text="24012" font="Calibri" size=14.666667 color=Color(255) align=Right baseline=Bottom bold=false italic=false underline=false
PopClip
PushClip x=44 y=500 w=64 h=20
Text x=105 y=517 text="25001" font="Calibri" size=14.666667 color=Color(255) align=Right baseline=Bottom bold=false italic=false underline=false
PopClip
PushClip x=108 y=500 w=64 h=20
Text x=169 y=517 text="25002" font="Calibri" size=14.666667 color=Color(255) align=Right baseline=Bottom bold=false italic=false underline=false
PopClip
PushClip x=172 y=500 w=64 h=20
Text x=233 y=517 text="25003" font="Calibri" size=14.666667 color=Color(255) align=Right baseline=Bottom bold=false italic=false underline=false
PopClip
PushClip x=236 y=500 w=64 h=20
Text x=297 y=517 text="25004" font="Calibri" size=14.666667 color=Color(255) align=Right baseline=Bottom bold=false italic=false underline=false
PopClip
PushClip x=300 y=500 w=64 h=20
Text x=361 y=517 text="25005" font="Calibri" size=14.666667 color=Color(255) align=Right baseline=Bottom bold=false italic=false underline=false
PopClip
PushClip x=364 y=500 w=64 h=20
Text x=425 y=517 text="25006" font="Calibri" size=14.666667 color=Color(255) align=Right baseline=Bottom bold=false italic=false underline=false
PopClip
PushClip x=428 y=500 w=64 h=20
Text x=489 y=517 text="25007" font="Calibri" size=14.666667 color=Color(255) align=Right baseline=Bottom bold=false italic=false underline=false
PopClip
PushClip x=492 y=500 w=64 h=20
Text x=553 y=517 text="25008" font="Calibri" size=14.666667 color=Color(255) align=Right baseline=Bottom bold=false italic=false underline=false
PopClip
PushClip x=556 y=500 w=64 h=20
Text x=617 y=517 text="25009" font="Calibri" size=14.666667 color=Color(255) align=Right baseline=Bottom bold=false italic=false underline=false
PopClip
PushClip x=620 y=500 w=64 h=20
Text x=681 y=517 text="25010" font="Calibri" size=14.666667 color=Color(255) align=Right baseline=Bottom bold=false italic=false underline=false
PopClip
PushClip x=684 y=500 w=64 h=20
Text x=745 y=517 text="25011" font="Calibri" size=14.666667 color=Color(255) align=Right baseline=Bottom bold=false italic=false underline=false
PopClip
PushClip x=748 y=500 w=64 h=20
Text x=809 y=517 text="25012" font="Calibri" size=14.666667 color=Color(255) align=Right baseline=Bottom bold=false italic=false underline=false
PopClip
PushClip x=44 y=520 w=64 h=20
Text x=105 y=537 text="26001" font="Calibri" size=14.666667 color=Color(255) align=Right baseline=Bottom bold=false italic=false underline=false
PopClip
PushClip x=108 y=520 w=64 h=20
Text x=169 y=537 text="26002" font="Calibri" size=14.666667 color=Color(255) align=Right baseline=Bottom bold=false italic=false underline=false
PopClip
PushClip x=172 y=520 w=64 h=20
Text x=233 y=537 text="26003" font="Calibri" size=14.666667 color=Color(255) align=Right baseline=Bottom bold=false italic=false underline=false
PopClip
PushClip x=236 y=520 w=64 h=20
Text x=297 y=537 text="26004" font="Calibri" size=14.666667 color=Color(255) align=Right baseline=Bottom bold=false italic=false underline=false
PopClip
PushClip x=300 y=520 w=64 h=20
Text x=361 y=537 text="26005" font="Calibri" size=14.666667 color=Color(255) align=Right baseline=Bottom bold=false italic=false underline=false
PopClip
PushClip x=364 y=520 w=64 h=20
Text x=425 y=537 text="26006" font="Calibri" size=14.666667 color=Color(255) align=Right baseline=Bottom bold=false italic=false underline=false
PopClip
PushClip x=428 y=520 w=64 h=20
Text x=489 y=537 text="26007" font="Calibri" size=14.666667 color=Color(255) align=Right baseline=Bottom bold=false italic=false underline=false
PopClip
PushClip x=492 y=520 w=64 h=20
Text x=553 y=537 text="26008" font="Calibri" size=14.666667 color=Color(255) align=Right baseline=Bottom bold=false italic=false underline=false
PopClip
PushClip x=556 y=520 w=64 h=20
Text x=617 y=537 text="26009" font="Calibri" size=14.666667 color=Color(255) align=Right baseline=Bottom bold=false italic=false underline=false
PopClip
PushClip x=620 y=520 w=64 h=20
Text x=681 y=537 text="26010" font="Calibri" size=14.666667 color=Color(255) align=Right baseline=Bottom bold=false italic=false underline=false
PopClip
PushClip x=684 y=520 w=64 h=20
Text x=745 y=537 text="26011" font="Calibri" size=14.666667 color=Color(255) align=Right baseline=Bottom bold=false italic=false underline=false
PopClip
PushClip x=748 y=520 w=64 h=20
Text x=809 y=537 text="26012" font="Calibri" size=14.666667 color=Color(255) align=Right baseline=Bottom bold=false italic=false underline=false
PopClip
PushClip x=44 y=540 w=64 h=20
Text x=105 y=557 text="27001" font="Calibri" size=14.666667 color=Color(255) align=Right baseline=Bottom bold=false italic=false underline=false
PopClip
PushClip x=108 y=540 w=64 h=20
Text x=169 y=557 text="27002" font="Calibri" size=14.666667 color=Color(255) align=Right baseline=Bottom bold=false italic=false underline=false
PopClip
PushClip x=172 y=540 w=64 h=20
Text x=233 y=557 text="27003" font="Calibri" size=14.666667 color=Color(255) align=Right baseline=Bottom bold=false italic=false underline=false
PopClip
PushClip x=236 y=540 w=64 h=20
Text x=297 y=557 text="27004" font="Calibri" size=14.666667 color=Color(255) align=Right baseline=Bottom bold=false italic=false underline=false
PopClip
PushClip x=300 y=540 w=64 h=20
Text x=361 y=557 text="27005" font="Calibri" size=14.666667 color=Color(255) align=Right baseline=Bottom bold=false italic=false underline=false
PopClip
PushClip x=364 y=540 w=64 h=20
Text x=425 y=557 text="27006" font="Calibri" size=14.666667 color=Color(255) align=Right baseline=Bottom bold=false italic=false underline=false
PopClip
PushClip x=428 y=540 w=64 h=20
Text x=489 y=557 text="27007" font="Calibri" size=14.666667 color=Color(255) align=Right baseline=Bottom bold=false italic=false underline=false
PopClip
PushClip x=492 y=540 w=64 h=20
Text x=553 y=557 text="27008" font="Calibri" size=14.666667 color=Color(255) align=Right baseline=Bottom bold=false italic=false underline=false
PopClip
PushClip x=556 y=540 w=64 h=20
Text x=617 y=557 text="27009" font="Calibri" size=14.666667 color=Color(255) align=Right baseline=Bottom bold=false italic=false underline=false
PopClip
PushClip x=620 y=540 w=64 h=20
Text x=681 y=557 text="27010" font="Calibri" size=14.666667 color=Color(255) align=Right baseline=Bottom bold=false italic=false underline=false
PopClip
PushClip x=684 y=540 w=64 h=20
Text x=745 y=557 text="27011" font="Calibri" size=14.666667 color=Color(255) align=Right baseline=Bottom bold=false italic=false underline=false
PopClip
PushClip x=748 y=540 w=64 h=20
Text x=809 y=557 text="27012" font="Calibri" size=14.666667 color=Color(255) align=Right baseline=Bottom bold=false italic=false underline=false
PopClip
PushClip x=44 y=560 w=64 h=20
Text x=105 y=577 text="28001" font="Calibri" size=14.666667 color=Color(255) align=Right baseline=Bottom bold=false italic=false underline=false
PopClip
PushClip x=108 y=560 w=64 h=20
Text x=169 y=577 text="28002" font="Calibri" size=14.666667 color=Color(255) align=Right baseline=Bottom bold=false italic=false underline=false
PopClip
PushClip x=172 y=560 w=64 h=20
Text x=233 y=577 text="28003" font="Calibri" size=14.666667 color=Color(255) align=Right baseline=Bottom bold=false italic=false underline=false
PopClip
PushClip x=236 y=560 w=64 h=20
Text x=297 y=577 text="28004" font="Calibri" size=14.666667 color=Color(255) align=Right baseline=Bottom bold=false italic=false underline=false
PopClip
PushClip x=300 y=560 w=64 h=20
Text x=361 y=577 text="28005" font="Calibri" size=14.666667 color=Color(255) align=Right baseline=Bottom bold=false italic=false underline=false
PopClip
PushClip x=364 y=560 w=64 h=20
Text x=425 y=577 text="28006" font="Calibri" size=14.666667 color=Color(255) align=Right baseline=Bottom bold=false italic=false underline=false
PopClip
PushClip x=428 y=560 w=64 h=20
Text x=489 y=577 text="28007" font="Calibri" size=14.666667 color=Color(255) align=Right baseline=Bottom bold=false italic=false underline=false
PopClip
PushClip x=492 y=560 w=64 h=20
Text x=553 y=577 text="28008" font="Calibri" size=14.666667 color=Color(255) align=Right baseline=Bottom bold=false italic=false underline=false
PopClip
PushClip x=556 y=560 w=64 h=20
Text x=617 y=577 text="28009" font="Calibri" size=14.666667 color=Color(255) align=Right baseline=Bottom bold=false italic=false underline=false
PopClip
PushClip x=620 y=560 w=64 h=20
Text x=681 y=577 text="28010" font="Calibri" size=14.666667 color=Color(255) align=Right baseline=Bottom bold=false italic=false underline=false
PopClip
PushClip x=684 y=560 w=64 h=20
Text x=745 y=577 text="28011" font="Calibri" size=14.666667 color=Color(255) align=Right baseline=Bottom bold=false italic=false underline=false
PopClip
PushClip x=748 y=560 w=64 h=20
Text x=809 y=577 text="28012" font="Calibri" size=14.666667 color=Color(255) align=Right baseline=Bottom bold=false italic=false underline=false
PopClip
PushClip x=44 y=580 w=64 h=20
Text x=105 y=597 text="29001" font="Calibri" size=14.666667 color=Color(255) align=Right baseline=Bottom bold=false italic=false underline=false
PopClip
PushClip x=108 y=580 w=64 h=20
Text x=169 y=597 text="29002" font="Calibri" size=14.666667 color=Color(255) align=Right baseline=Bottom bold=false italic=false underline=false
PopClip
PushClip x=172 y=580 w=64 h=20
Text x=233 y=597 text="29003" font="Calibri" size=14.666667 color=Color(255) align=Right baseline=Bottom bold=false italic=false underline=false
PopClip
PushClip x=236 y=580 w=64 h=20
Text x=297 y=597 text="29004" font="Calibri" size=14.666667 color=Color(255) align=Right baseline=Bottom bold=false italic=false underline=false
PopClip
PushClip x=300 y=580 w=64 h=20
Text x=361 y=597 text="29005" font="Calibri" size=14.666667 color=Color(255) align=Right baseline=Bottom bold=false italic=false underline=false
PopClip
PushClip x=364 y=580 w=64 h=20
Text x=425 y=597 text="29006" font="Calibri" size=14.666667 color=Color(255) align=Right baseline=Bottom bold=false italic=false underline=false
PopClip
PushClip x=428 y=580 w=64 h=20
Text x=489 y=597 text="29007" font="Calibri" size=14.666667 color=Color(255) align=Right baseline=Bottom bold=false italic=false underline=false
PopClip
PushClip x=492 y=580 w=64 h=20
Text x=553 y=597 text="29008" font="Calibri" size=14.666667 color=Color(255) align=Right baseline=Bottom bold=false italic=false underline=false
PopClip
PushClip x=556 y=580 w=64 h=20
Text x=617 y=597 text="29009" font="Calibri" size=14.666667 color=Color(255) align=Right baseline=Bottom bold=false italic=false underline=false
PopClip
PushClip x=620 y=580 w=64 h=20
Text x=681 y=597 text="29010" font="Calibri" size=14.666667 color=Color(255) align=Right baseline=Bottom bold=false italic=false underline=false
PopClip
PushClip x=684 y=580 w=64 h=20
Text x=745 y=597 text="29011" font="Calibri" size=14.666667 color=Color(255) align=Right baseline=Bottom bold=false italic=false underline=false
PopClip
PushClip x=748 y=580 w=64 h=20
Text x=809 y=597 text="29012" font="Calibri" size=14.666667 color=Color(255) align=Right baseline=Bottom bold=false italic=false underline=false
PopClip
PopClip
Rect x=0 y=0 w=800 h=20 fill=Color(4126537215) stroke=Color(0) sw=0 r=[0.0, 0.0, 0.0, 0.0]
Rect x=0 y=0 w=44 h=600 fill=Color(4126537215) stroke=Color(0) sw=0 r=[0.0, 0.0, 0.0, 0.0]
PushClip x=44 y=0 w=64 h=20
Text x=76 y=10 text="A" font="Calibri" size=14.666667 color=Color(1145324799) align=Center baseline=Middle bold=false italic=false underline=false
PopClip
PushClip x=108 y=0 w=64 h=20
Text x=140 y=10 text="B" font="Calibri" size=14.666667 color=Color(1145324799) align=Center baseline=Middle bold=false italic=false underline=false
PopClip
PushClip x=172 y=0 w=64 h=20
Text x=204 y=10 text="C" font="Calibri" size=14.666667 color=Color(1145324799) align=Center baseline=Middle bold=false italic=false underline=false
PopClip
PushClip x=236 y=0 w=64 h=20
Text x=268 y=10 text="D" font="Calibri" size=14.666667 color=Color(1145324799) align=Center baseline=Middle bold=false italic=false underline=false
PopClip
PushClip x=300 y=0 w=64 h=20
Text x=332 y=10 text="E" font="Calibri" size=14.666667 color=Color(1145324799) align=Center baseline=Middle bold=false italic=false underline=false
PopClip
PushClip x=364 y=0 w=64 h=20
Text x=396 y=10 text="F" font="Calibri" size=14.666667 color=Color(1145324799) align=Center baseline=Middle bold=false italic=false underline=false
PopClip
PushClip x=428 y=0 w=64 h=20
Text x=460 y=10 text="G" font="Calibri" size=14.666667 color=Color(1145324799) align=Center baseline=Middle bold=false italic=false underline=false
PopClip
PushClip x=492 y=0 w=64 h=20
Text x=524 y=10 text="H" font="Calibri" size=14.666667 color=Color(1145324799) align=Center baseline=Middle bold=false italic=false underline=false
PopClip
PushClip x=556 y=0 w=64 h=20
Text x=588 y=10 text="I" font="Calibri" size=14.666667 color=Color(1145324799) align=Center baseline=Middle bold=false italic=false underline=false
PopClip
PushClip x=620 y=0 w=64 h=20
Text x=652 y=10 text="J" font="Calibri" size=14.666667 color=Color(1145324799) align=Center baseline=Middle bold=false italic=false underline=false
PopClip
PushClip x=684 y=0 w=64 h=20
Text x=716 y=10 text="K" font="Calibri" size=14.666667 color=Color(1145324799) align=Center baseline=Middle bold=false italic=false underline=false
PopClip
PushClip x=748 y=0 w=52 h=20
Text x=780 y=10 text="L" font="Calibri" size=14.666667 color=Color(1145324799) align=Center baseline=Middle bold=false italic=false underline=false
PopClip
Text x=41 y=30 text="1" font="Calibri" size=14.666667 color=Color(1145324799) align=Right baseline=Middle bold=false italic=false underline=false
Text x=41 y=50 text="2" font="Calibri" size=14.666667 color=Color(1145324799) align=Right baseline=Middle bold=false italic=false underline=false
Text x=41 y=70 text="3" font="Calibri" size=14.666667 color=Color(1145324799) align=Right baseline=Middle bold=false italic=false underline=false
Text x=41 y=90 text="4" font="Calibri" size=14.666667 color=Color(1145324799) align=Right baseline=Middle bold=false italic=false underline=false
Text x=41 y=110 text="5" font="Calibri" size=14.666667 color=Color(1145324799) align=Right baseline=Middle bold=false italic=false underline=false
Text x=41 y=130 text="6" font="Calibri" size=14.666667 color=Color(1145324799) align=Right baseline=Middle bold=false italic=false underline=false
Text x=41 y=150 text="7" font="Calibri" size=14.666667 color=Color(1145324799) align=Right baseline=Middle bold=false italic=false underline=false
Text x=41 y=170 text="8" font="Calibri" size=14.666667 color=Color(1145324799) align=Right baseline=Middle bold=false italic=false underline=false
Text x=41 y=190 text="9" font="Calibri" size=14.666667 color=Color(1145324799) align=Right baseline=Middle bold=false italic=false underline=false
Text x=41 y=210 text="10" font="Calibri" size=14.666667 color=Color(1145324799) align=Right baseline=Middle bold=false italic=false underline=false
Text x=41 y=230 text="11" font="Calibri" size=14.666667 color=Color(1145324799) align=Right baseline=Middle bold=false italic=false underline=false
Text x=41 y=250 text="12" font="Calibri" size=14.666667 color=Color(1145324799) align=Right baseline=Middle bold=false italic=false underline=false
Text x=41 y=270 text="13" font="Calibri" size=14.666667 color=Color(1145324799) align=Right baseline=Middle bold=false italic=false underline=false
Text x=41 y=290 text="14" font="Calibri" size=14.666667 color=Color(1145324799) align=Right baseline=Middle bold=false italic=false underline=false
Text x=41 y=310 text="15" font="Calibri" size=14.666667 color=Color(1145324799) align=Right baseline=Middle bold=false italic=false underline=false
Text x=41 y=330 text="16" font="Calibri" size=14.666667 color=Color(1145324799) align=Right baseline=Middle bold=false italic=false underline=false
Text x=41 y=350 text="17" font="Calibri" size=14.666667 color=Color(1145324799) align=Right baseline=Middle bold=false italic=false underline=false
Text x=41 y=370 text="18" font="Calibri" size=14.666667 color=Color(1145324799) align=Right baseline=Middle bold=false italic=false underline=false
Text x=41 y=390 text="19" font="Calibri" size=14.666667 color=Color(1145324799) align=Right baseline=Middle bold=false italic=false underline=false
Text x=41 y=410 text="20" font="Calibri" size=14.666667 color=Color(1145324799) align=Right baseline=Middle bold=false italic=false underline=false
Text x=41 y=430 text="21" font="Calibri" size=14.666667 color=Color(1145324799) align=Right baseline=Middle bold=false italic=false underline=false
Text x=41 y=450 text="22" font="Calibri" size=14.666667 color=Color(1145324799) align=Right baseline=Middle bold=false italic=false underline=false
Text x=41 y=470 text="23" font="Calibri" size=14.666667 color=Color(1145324799) align=Right baseline=Middle bold=false italic=false underline=false
Text x=41 y=490 text="24" font="Calibri" size=14.666667 color=Color(1145324799) align=Right baseline=Middle bold=false italic=false underline=false
Text x=41 y=510 text="25" font="Calibri" size=14.666667 color=Color(1145324799) align=Right baseline=Middle bold=false italic=false underline=false
Text x=41 y=530 text="26" font="Calibri" size=14.666667 color=Color(1145324799) align=Right baseline=Middle bold=false italic=false underline=false
Text x=41 y=550 text="27" font="Calibri" size=14.666667 color=Color(1145324799) align=Right baseline=Middle bold=false italic=false underline=false
Text x=41 y=570 text="28" font="Calibri" size=14.666667 color=Color(1145324799) align=Right baseline=Middle bold=false italic=false underline=false
Text x=41 y=590 text="29" font="Calibri" size=14.666667 color=Color(1145324799) align=Right baseline=Middle bold=false italic=false underline=false
Line x1=0 y1=20 x2=800 y2=20 stroke=Color(3233857791) sw=1 style=Solid
Line x1=44 y1=0 x2=44 y2=600 stroke=Color(3233857791) sw=1 style=Solid
