---
source: crates/xlsx/tests/snapshots.rs
expression: dump
---
Clear
Rect x=0 y=0 w=800 h=600 fill=Color(4294967295) stroke=Color(0) sw=0 r=[0.0, 0.0, 0.0, 0.0]
PushClip x=44 y=20 w=756 h=580
Line x1=44 y1=20 x2=620 y2=20 stroke=Color(3654932991) sw=1 style=Solid
Line x1=44 y1=40 x2=620 y2=40 stroke=Color(3654932991) sw=1 style=Solid
Line x1=44 y1=60 x2=620 y2=60 stroke=Color(3654932991) sw=1 style=Solid
Line x1=44 y1=80 x2=620 y2=80 stroke=Color(3654932991) sw=1 style=Solid
Line x1=44 y1=100 x2=620 y2=100 stroke=Color(3654932991) sw=1 style=Solid
Line x1=44 y1=120 x2=620 y2=120 stroke=Color(3654932991) sw=1 style=Solid
Line x1=44 y1=140 x2=620 y2=140 stroke=Color(3654932991) sw=1 style=Solid
Line x1=44 y1=160 x2=620 y2=160 stroke=Color(3654932991) sw=1 style=Solid
Line x1=44 y1=180 x2=620 y2=180 stroke=Color(3654932991) sw=1 style=Solid
Line x1=44 y1=200 x2=620 y2=200 stroke=Color(3654932991) sw=1 style=Solid
Line x1=44 y1=220 x2=620 y2=220 stroke=Color(3654932991) sw=1 style=Solid
Line x1=44 y1=240 x2=620 y2=240 stroke=Color(3654932991) sw=1 style=Solid
Line x1=44 y1=20 x2=44 y2=240 stroke=Color(3654932991) sw=1 style=Solid
Line x1=108 y1=20 x2=108 y2=240 stroke=Color(3654932991) sw=1 style=Solid
Line x1=172 y1=20 x2=172 y2=240 stroke=Color(3654932991) sw=1 style=Solid
Line x1=236 y1=20 x2=236 y2=240 stroke=Color(3654932991) sw=1 style=Solid
Line x1=300 y1=20 x2=300 y2=240 stroke=Color(3654932991) sw=1 style=Solid
Line x1=364 y1=20 x2=364 y2=240 stroke=Color(3654932991) sw=1 style=Solid
Line x1=428 y1=20 x2=428 y2=240 stroke=Color(3654932991) sw=1 style=Solid
Line x1=492 y1=20 x2=492 y2=240 stroke=Color(3654932991) sw=1 style=Solid
Line x1=556 y1=20 x2=556 y2=240 stroke=Color(3654932991) sw=1 style=Solid
Line x1=620 y1=20 x2=620 y2=240 stroke=Color(3654932991) sw=1 style=Solid
PushClip x=44 y=20 w=64 h=20
Text x=105 y=37 text="11" font="Calibri" size=14.666667 color=Color(255) align=Right baseline=Bottom bold=false italic=false underline=false
PopClip
PushClip x=108 y=20 w=64 h=20
Text x=169 y=37 text="12" font="Calibri" size=14.666667 color=Color(255) align=Right baseline=Bottom bold=false italic=false underline=false
PopClip
PushClip x=172 y=20 w=64 h=20
Text x=233 y=37 text="13" font="Calibri" size=14.666667 color=Color(255) align=Right baseline=Bottom bold=false italic=false underline=false
PopClip
PushClip x=236 y=20 w=64 h=20
Text x=297 y=37 text="14" font="Calibri" size=14.666667 color=Color(255) align=Right baseline=Bottom bold=false italic=false underline=false
PopClip
PushClip x=300 y=20 w=64 h=20
Text x=361 y=37 text="15" font="Calibri" size=14.666667 color=Color(255) align=Right baseline=Bottom bold=false italic=false underline=false
PopClip
PushClip x=364 y=20 w=64 h=20
Text x=425 y=37 text="16" font="Calibri" size=14.666667 color=Color(255) align=Right baseline=Bottom bold=false italic=false underline=false
PopClip
PushClip x=428 y=20 w=64 h=20
Text x=489 y=37 text="17" font="Calibri" size=14.666667 color=Color(255) align=Right baseline=Bottom bold=false italic=false underline=false
PopClip
PushClip x=492 y=20 w=64 h=20
Text x=553 y=37 text="18" font="Calibri" size=14.666667 color=Color(255) align=Right baseline=Bottom bold=false italic=false underline=false
PopClip
PushClip x=44 y=40 w=64 h=20
Text x=105 y=57 text="21" font="Calibri" size=14.666667 color=Color(255) align=Right baseline=Bottom bold=false italic=false underline=false
PopClip
PushClip x=108 y=40 w=64 h=20
Text x=169 y=57 text="22" font="Calibri" size=14.666667 color=Color(255) align=Right baseline=Bottom bold=false italic=false underline=false
PopClip
PushClip x=172 y=40 w=64 h=20
Text x=233 y=57 text="23" font="Calibri" size=14.666667 color=Color(255) align=Right baseline=Bottom bold=false italic=false underline=false
PopClip
PushClip x=236 y=40 w=64 h=20
Text x=297 y=57 text="24" font="Calibri" size=14.666667 color=Color(255) align=Right baseline=Bottom bold=false italic=false underline=false
PopClip
PushClip x=300 y=40 w=64 h=20
Text x=361 y=57 text="25" font="Calibri" size=14.666667 color=Color(255) align=Right baseline=Bottom bold=false italic=false underline=false
PopClip
PushClip x=364 y=40 w=64 h=20
Text x=425 y=57 text="26" font="Calibri" size=14.666667 color=Color(255) align=Right baseline=Bottom bold=false italic=false underline=false
PopClip
PushClip x=428 y=40 w=64 h=20
Text x=489 y=57 text="27" font="Calibri" size=14.666667 color=Color(255) align=Right baseline=Bottom bold=false italic=false underline=false
PopClip
PushClip x=492 y=40 w=64 h=20
Text x=553 y=57 text="28" font="Calibri" size=14.666667 color=Color(255) align=Right baseline=Bottom bold=false italic=false underline=false
PopClip
PushClip x=44 y=60 w=64 h=20
Text x=105 y=77 text="31" font="Calibri" size=14.666667 color=Color(255) align=Right baseline=Bottom bold=false italic=false underline=false
PopClip
PushClip x=108 y=60 w=64 h=20
Text x=169 y=77 text="32" font="Calibri" size=14.666667 color=Color(255) align=Right baseline=Bottom bold=false italic=false underline=false
PopClip
PushClip x=172 y=60 w=64 h=20
Text x=233 y=77 text="33" font="Calibri" size=14.666667 color=Color(255) align=Right baseline=Bottom bold=false italic=false underline=false
PopClip
PushClip x=236 y=60 w=64 h=20
Text x=297 y=77 text="34" font="Calibri" size=14.666667 color=Color(255) align=Right baseline=Bottom bold=false italic=false underline=false
PopClip
PushClip x=300 y=60 w=64 h=20
Text x=361 y=77 text="35" font="Calibri" size=14.666667 color=Color(255) align=Right baseline=Bottom bold=false italic=false underline=false
PopClip
PushClip x=364 y=60 w=64 h=20
Text x=425 y=77 text="36" font="Calibri" size=14.666667 color=Color(255) align=Right baseline=Bottom bold=false italic=false underline=false
PopClip
PushClip x=428 y=60 w=64 h=20
Text x=489 y=77 text="37" font="Calibri" size=14.666667 color=Color(255) align=Right baseline=Bottom bold=false italic=false underline=false
PopClip
PushClip x=492 y=60 w=64 h=20
Text x=553 y=77 text="38" font="Calibri" size=14.666667 color=Color(255) align=Right baseline=Bottom bold=false italic=false underline=false
PopClip
PushClip x=44 y=80 w=64 h=20
Text x=105 y=97 text="41" font="Calibri" size=14.666667 color=Color(255) align=Right baseline=Bottom bold=false italic=false underline=false
PopClip
PushClip x=108 y=80 w=64 h=20
Text x=169 y=97 text="42" font="Calibri" size=14.666667 color=Color(255) align=Right baseline=Bottom bold=false italic=false underline=false
PopClip
PushClip x=172 y=80 w=64 h=20
Text x=233 y=97 text="43" font="Calibri" size=14.666667 color=Color(255) align=Right baseline=Bottom bold=false italic=false underline=false
PopClip
PushClip x=236 y=80 w=64 h=20
Text x=297 y=97 text="44" font="Calibri" size=14.666667 color=Color(255) align=Right baseline=Bottom bold=false italic=false underline=false
PopClip
PushClip x=300 y=80 w=64 h=20
Text x=361 y=97 text="45" font="Calibri" size=14.666667 color=Color(255) align=Right baseline=Bottom bold=false italic=false underline=false
PopClip
PushClip x=364 y=80 w=64 h=20
Text x=425 y=97 text="46" font="Calibri" size=14.666667 color=Color(255) align=Right baseline=Bottom bold=false italic=false underline=false
PopClip
PushClip x=428 y=80 w=64 h=20
Text x=489 y=97 text="47" font="Calibri" size=14.666667 color=Color(255) align=Right baseline=Bottom bold=false italic=false underline=false
PopClip
PushClip x=492 y=80 w=64 h=20
Text x=553 y=97 text="48" font="Calibri" size=14.666667 color=Color(255) align=Right baseline=Bottom bold=false italic=false underline=false
PopClip
PushClip x=44 y=100 w=64 h=20
Text x=105 y=117 text="51" font="Calibri" size=14.666667 color=Color(255) align=Right baseline=Bottom bold=false italic=false underline=false
PopClip
PushClip x=108 y=100 w=64 h=20
Text x=169 y=117 text="52" font="Calibri" size=14.666667 color=Color(255) align=Right baseline=Bottom bold=false italic=false underline=false
PopClip
PushClip x=172 y=100 w=64 h=20
Text x=233 y=117 text="53" font="Calibri" size=14.666667 color=Color(255) align=Right baseline=Bottom bold=false italic=false underline=false
PopClip
PushClip x=236 y=100 w=64 h=20
Text x=297 y=117 text="54" font="Calibri" size=14.666667 color=Color(255) align=Right baseline=Bottom bold=false italic=false underline=false
PopClip
PushClip x=300 y=100 w=64 h=20
Text x=361 y=117 text="55" font="Calibri" size=14.666667 color=Color(255) align=Right baseline=Bottom bold=false italic=false underline=false
PopClip
PushClip x=364 y=100 w=64 h=20
Text x=425 y=117 text="56" font="Calibri" size=14.666667 color=Color(255) align=Right baseline=Bottom bold=false italic=false underline=false
PopClip
PushClip x=428 y=100 w=64 h=20
Text x=489 y=117 text="57" font="Calibri" size=14.666667 color=Color(255) align=Right baseline=Bottom bold=false italic=false underline=false
PopClip
PushClip x=492 y=100 w=64 h=20
Text x=553 y=117 text="58" font="Calibri" size=14.666667 color=Color(255) align=Right baseline=Bottom bold=false italic=false underline=false
PopClip
PushClip x=44 y=120 w=64 h=20
Text x=105 y=137 text="61" font="Calibri" size=14.666667 color=Color(255) align=Right baseline=Bottom bold=false italic=false underline=false
PopClip
PushClip x=108 y=120 w=64 h=20
Text x=169 y=137 text="62" font="Calibri" size=14.666667 color=Color(255) align=Right baseline=Bottom bold=false italic=false underline=false
PopClip
PushClip x=172 y=120 w=64 h=20
Text x=233 y=137 text="63" font="Calibri" size=14.666667 color=Color(255) align=Right baseline=Bottom bold=false italic=false underline=false
PopClip
PushClip x=236 y=120 w=64 h=20
Text x=297 y=137 text="64" font="Calibri" size=14.666667 color=Color(255) align=Right baseline=Bottom bold=false italic=false underline=false
PopClip
PushClip x=300 y=120 w=64 h=20
Text x=361 y=137 text="65" font="Calibri" size=14.666667 color=Color(255) align=Right baseline=Bottom bold=false italic=false underline=false
PopClip
PushClip x=364 y=120 w=64 h=20
Text x=425 y=137 text="66" font="Calibri" size=14.666667 color=Color(255) align=Right baseline=Bottom bold=false italic=false underline=false
PopClip
PushClip x=428 y=120 w=64 h=20
Text x=489 y=137 text="67" font="Calibri" size=14.666667 color=Color(255) align=Right baseline=Bottom bold=false italic=false underline=false
PopClip
PushClip x=492 y=120 w=64 h=20
Text x=553 y=137 text="68" font="Calibri" size=14.666667 color=Color(255) align=Right baseline=Bottom bold=false italic=false underline=false
PopClip
PushClip x=44 y=140 w=64 h=20
Text x=105 y=157 text="71" font="Calibri" size=14.666667 color=Color(255) align=Right baseline=Bottom bold=false italic=false underline=false
PopClip
PushClip x=108 y=140 w=64 h=20
Text x=169 y=157 text="72" font="Calibri" size=14.666667 color=Color(255) align=Right baseline=Bottom bold=false italic=false underline=false
PopClip
PushClip x=172 y=140 w=64 h=20
Text x=233 y=157 text="73" font="Calibri" size=14.666667 color=Color(255) align=Right baseline=Bottom bold=false italic=false underline=false
PopClip
PushClip x=236 y=140 w=64 h=20
Text x=297 y=157 text="74" font="Calibri" size=14.666667 color=Color(255) align=Right baseline=Bottom bold=false italic=false underline=false
PopClip
PushClip x=300 y=140 w=64 h=20
Text x=361 y=157 text="75" font="Calibri" size=14.666667 color=Color(255) align=Right baseline=Bottom bold=false italic=false underline=false
PopClip
PushClip x=364 y=140 w=64 h=20
Text x=425 y=157 text="76" font="Calibri" size=14.666667 color=Color(255) align=Right baseline=Bottom bold=false italic=false underline=false
PopClip
PushClip x=428 y=140 w=64 h=20
Text x=489 y=157 text="77" font="Calibri" size=14.666667 color=Color(255) align=Right baseline=Bottom bold=false italic=false underline=false
PopClip
PushClip x=492 y=140 w=64 h=20
Text x=553 y=157 text="78" font="Calibri" size=14.666667 color=Color(255) align=Right baseline=Bottom bold=false italic=false underline=false
PopClip
PushClip x=44 y=160 w=64 h=20
Text x=105 y=177 text="81" font="Calibri" size=14.666667 color=Color(255) align=Right baseline=Bottom bold=false italic=false underline=false
PopClip
PushClip x=108 y=160 w=64 h=20
Text x=169 y=177 text="82" font="Calibri" size=14.666667 color=Color(255) align=Right baseline=Bottom bold=false italic=false underline=false
PopClip
PushClip x=172 y=160 w=64 h=20
Text x=233 y=177 text="83" font="Calibri" size=14.666667 color=Color(255) align=Right baseline=Bottom bold=false italic=false underline=false
PopClip
PushClip x=236 y=160 w=64 h=20
Text x=297 y=177 text="84" font="Calibri" size=14.666667 color=Color(255) align=Right baseline=Bottom bold=false italic=false underline=false
PopClip
PushClip x=300 y=160 w=64 h=20
Text x=361 y=177 text="85" font="Calibri" size=14.666667 color=Color(255) align=Right baseline=Bottom bold=false italic=false underline=false
PopClip
PushClip x=364 y=160 w=64 h=20
Text x=425 y=177 text="86" font="Calibri" size=14.666667 color=Color(255) align=Right baseline=Bottom bold=false italic=false underline=false
PopClip
PushClip x=428 y=160 w=64 h=20
Text x=489 y=177 text="87" font="Calibri" size=14.666667 color=Color(255) align=Right baseline=Bottom bold=false italic=false underline=false
PopClip
PushClip x=492 y=160 w=64 h=20
Text x=553 y=177 text="88" font="Calibri" size=14.666667 color=Color(255) align=Right baseline=Bottom bold=false italic=false underline=false
PopClip
PushClip x=44 y=180 w=64 h=20
Text x=105 y=197 text="91" font="Calibri" size=14.666667 color=Color(255) align=Right baseline=Bottom bold=false italic=false underline=false
PopClip
PushClip x=108 y=180 w=64 h=20
Text x=169 y=197 text="92" font="Calibri" size=14.666667 color=Color(255) align=Right baseline=Bottom bold=false italic=false underline=false
PopClip
PushClip x=172 y=180 w=64 h=20
Text x=233 y=197 text="93" font="Calibri" size=14.666667 color=Color(255) align=Right baseline=Bottom bold=false italic=false underline=false
PopClip
PushClip x=236 y=180 w=64 h=20
Text x=297 y=197 text="94" font="Calibri" size=14.666667 color=Color(255) align=Right baseline=Bottom bold=false italic=false underline=false
PopClip
PushClip x=300 y=180 w=64 h=20
Text x=361 y=197 text="95" font="Calibri" size=14.666667 color=Color(255) align=Right baseline=Bottom bold=false italic=false underline=false
PopClip
PushClip x=364 y=180 w=64 h=20
Text x=425 y=197 text="96" font="Calibri" size=14.666667 color=Color(255) align=Right baseline=Bottom bold=false italic=false underline=false
PopClip
PushClip x=428 y=180 w=64 h=20
Text x=489 y=197 text="97" font="Calibri" size=14.666667 color=Color(255) align=Right baseline=Bottom bold=false italic=false underline=false
PopClip
PushClip x=492 y=180 w=64 h=20
Text x=553 y=197 text="98" font="Calibri" size=14.666667 color=Color(255) align=Right baseline=Bottom bold=false italic=false underline=false
PopClip
PushClip x=44 y=200 w=64 h=20
Text x=105 y=217 text="101" font="Calibri" size=14.666667 color=Color(255) align=Right baseline=Bottom bold=false italic=false underline=false
PopClip
PushClip x=108 y=200 w=64 h=20
Text x=169 y=217 text="102" font="Calibri" size=14.666667 color=Color(255) align=Right baseline=Bottom bold=false italic=false underline=false
PopClip
PushClip x=172 y=200 w=64 h=20
Text x=233 y=217 text="103" font="Calibri" size=14.666667 color=Color(255) align=Right baseline=Bottom bold=false italic=false underline=false
PopClip
PushClip x=236 y=200 w=64 h=20
Text x=297 y=217 text="104" font="Calibri" size=14.666667 color=Color(255) align=Right baseline=Bottom bold=false italic=false underline=false
PopClip
PushClip x=300 y=200 w=64 h=20
Text x=361 y=217 text="105" font="Calibri" size=14.666667 color=Color(255) align=Right baseline=Bottom bold=false italic=false underline=false
PopClip
PushClip x=364 y=200 w=64 h=20
Text x=425 y=217 text="106" font="Calibri" size=14.666667 color=Color(255) align=Right baseline=Bottom bold=false italic=false underline=false
PopClip
PushClip x=428 y=200 w=64 h=20
Text x=489 y=217 text="107" font="Calibri" size=14.666667 color=Color(255) align=Right baseline=Bottom bold=false italic=false underline=false
PopClip
PushClip x=492 y=200 w=64 h=20
Text x=553 y=217 text="108" font="Calibri" size=14.666667 color=Color(255) align=Right baseline=Bottom bold=false italic=false underline=false
PopClip
Image x=108 y=40 w=96 h=72 id=0
Image x=300 y=60 w=256 h=120 id=0
PopClip
Rect x=0 y=0 w=800 h=20 fill=Color(4126537215) stroke=Color(0) sw=0 r=[0.0, 0.0, 0.0, 0.0]
Rect x=0 y=0 w=44 h=600 fill=Color(4126537215) stroke=Color(0) sw=0 r=[0.0, 0.0, 0.0, 0.0]
PushClip x=44 y=0 w=64 h=20
Text x=76 y=10 text="A" font="Calibri" size=14.666667 color=Color(1145324799) align=Center baseline=Middle bold=false italic=false underline=false
PopClip
PushClip x=108 y=0 w=64 h=20
Text x=140 y=10 text="B" font="Calibri" size=14.666667 color=Color(1145324799) align=Center baseline=Middle bold=false italic=false underline=false
PopClip
PushClip x=172 y=0 w=64 h=20
Text x=204 y=10 text="C" font="Calibri" size=14.666667 color=Color(1145324799) align=Center baseline=Middle bold=false italic=false underline=false
PopClip
PushClip x=236 y=0 w=64 h=20
Text x=268 y=10 text="D" font="Calibri" size=14.666667 color=Color(1145324799) align=Center baseline=Middle bold=false italic=false underline=false
PopClip
PushClip x=300 y=0 w=64 h=20
Text x=332 y=10 text="E" font="Calibri" size=14.666667 color=Color(1145324799) align=Center baseline=Middle bold=false italic=false underline=false
PopClip
PushClip x=364 y=0 w=64 h=20
Text x=396 y=10 text="F" font="Calibri" size=14.666667 color=Color(1145324799) align=Center baseline=Middle bold=false italic=false underline=false
PopClip
PushClip x=428 y=0 w=64 h=20
Text x=460 y=10 text="G" font="Calibri" size=14.666667 color=Color(1145324799) align=Center baseline=Middle bold=false italic=false underline=false
PopClip
PushClip x=492 y=0 w=64 h=20
Text x=524 y=10 text="H" font="Calibri" size=14.666667 color=Color(1145324799) align=Center baseline=Middle bold=false italic=false underline=false
PopClip
PushClip x=556 y=0 w=64 h=20
Text x=588 y=10 text="I" font="Calibri" size=14.666667 color=Color(1145324799) align=Center baseline=Middle bold=false italic=false underline=false
PopClip
Text x=41 y=30 text="1" font="Calibri" size=14.666667 color=Color(1145324799) align=Right baseline=Middle bold=false italic=false underline=false
Text x=41 y=50 text="2" font="Calibri" size=14.666667 color=Color(1145324799) align=Right baseline=Middle bold=false italic=false underline=false
Text x=41 y=70 text="3" font="Calibri" size=14.666667 color=Color(1145324799) align=Right baseline=Middle bold=false italic=false underline=false
Text x=41 y=90 text="4" font="Calibri" size=14.666667 color=Color(1145324799) align=Right baseline=Middle bold=false italic=false underline=false
Text x=41 y=110 text="5" font="Calibri" size=14.666667 color=Color(1145324799) align=Right baseline=Middle bold=false italic=false underline=false
Text x=41 y=130 text="6" font="Calibri" size=14.666667 color=Color(1145324799) align=Right baseline=Middle bold=false italic=false underline=false
Text x=41 y=150 text="7" font="Calibri" size=14.666667 color=Color(1145324799) align=Right baseline=Middle bold=false italic=false underline=false
Text x=41 y=170 text="8" font="Calibri" size=14.666667 color=Color(1145324799) align=Right baseline=Middle bold=false italic=false underline=false
Text x=41 y=190 text="9" font="Calibri" size=14.666667 color=Color(1145324799) align=Right baseline=Middle bold=false italic=false underline=false
Text x=41 y=210 text="10" font="Calibri" size=14.666667 color=Color(1145324799) align=Right baseline=Middle bold=false italic=false underline=false
Text x=41 y=230 text="11" font="Calibri" size=14.666667 color=Color(1145324799) align=Right baseline=Middle bold=false italic=false underline=false
Line x1=0 y1=20 x2=800 y2=20 stroke=Color(3233857791) sw=1 style=Solid
Line x1=44 y1=0 x2=44 y2=600 stroke=Color(3233857791) sw=1 style=Solid
