---
source: crates/docx/src/document.rs
expression: body
---
{
  "id": 1,
  "items": [
    {
      "paragraph": {
        "id": 2,
        "ppr": {
          "style": null,
          "num_pr": null,
          "spacing": null,
          "ind": null,
          "jc": null,
          "keep_next": null,
          "keep_lines": null,
          "page_break_before": null,
          "widow_control": null,
          "outline_lvl": null,
          "p_bdr": null,
          "shd": null,
          "tabs": [],
          "r_pr": null,
          "sect_pr": null,
          "unknown": []
        },
        "mark_rpr": {
          "style": null,
          "r_fonts": null,
          "b": null,
          "i": null,
          "caps": null,
          "small_caps": null,
          "strike": null,
          "dstrike": null,
          "vanish": null,
          "outline": null,
          "shadow": null,
          "emboss": null,
          "imprint": null,
          "color": null,
          "sz": null,
          "sz_cs": null,
          "highlight": null,
          "u": null,
          "vert_align": null,
          "spacing": null,
          "position": null,
          "unknown": []
        },
        "runs": [
          {
            "run": {
              "id": 3,
              "rpr": {
                "style": null,
                "r_fonts": null,
                "b": null,
                "i": null,
                "caps": null,
                "small_caps": null,
                "strike": null,
                "dstrike": null,
                "vanish": null,
                "outline": null,
                "shadow": null,
                "emboss": null,
                "imprint": null,
                "color": null,
                "sz": null,
                "sz_cs": null,
                "highlight": null,
                "u": null,
                "vert_align": null,
                "spacing": null,
                "position": null,
                "unknown": []
              },
              "style_ref": null,
              "content": [
                {
                  "text": "First line"
                },
                {
                  "break": "line"
                },
                {
                  "text": "second line"
                }
              ]
            }
          }
        ],
        "style_ref": null,
        "numbering_ref": null,
        "section_break": null
      }
    },
    {
      "paragraph": {
        "id": 4,
        "ppr": {
          "style": null,
          "num_pr": null,
          "spacing": null,
          "ind": null,
          "jc": null,
          "keep_next": null,
          "keep_lines": null,
          "page_break_before": null,
          "widow_control": null,
          "outline_lvl": null,
          "p_bdr": null,
          "shd": null,
          "tabs": [],
          "r_pr": null,
          "sect_pr": null,
          "unknown": []
        },
        "mark_rpr": {
          "style": null,
          "r_fonts": null,
          "b": null,
          "i": null,
          "caps": null,
          "small_caps": null,
          "strike": null,
          "dstrike": null,
          "vanish": null,
          "outline": null,
          "shadow": null,
          "emboss": null,
          "imprint": null,
          "color": null,
          "sz": null,
          "sz_cs": null,
          "highlight": null,
          "u": null,
          "vert_align": null,
          "spacing": null,
          "position": null,
          "unknown": []
        },
        "runs": [
          {
            "run": {
              "id": 5,
              "rpr": {
                "style": null,
                "r_fonts": null,
                "b": null,
                "i": null,
                "caps": null,
                "small_caps": null,
                "strike": null,
                "dstrike": null,
                "vanish": null,
                "outline": null,
                "shadow": null,
                "emboss": null,
                "imprint": null,
                "color": null,
                "sz": null,
                "sz_cs": null,
                "highlight": null,
                "u": null,
                "vert_align": null,
                "spacing": null,
                "position": null,
                "unknown": []
              },
              "style_ref": null,
              "content": [
                {
                  "text": "Col1"
                },
                "tab",
                {
                  "text": "Col2"
                }
              ]
            }
          }
        ],
        "style_ref": null,
        "numbering_ref": null,
        "section_break": null
      }
    },
    {
      "paragraph": {
        "id": 6,
        "ppr": {
          "style": null,
          "num_pr": null,
          "spacing": null,
          "ind": null,
          "jc": null,
          "keep_next": null,
          "keep_lines": null,
          "page_break_before": null,
          "widow_control": null,
          "outline_lvl": null,
          "p_bdr": null,
          "shd": null,
          "tabs": [],
          "r_pr": {
            "style": null,
            "r_fonts": null,
            "b": null,
            "i": null,
            "caps": null,
            "small_caps": null,
            "strike": null,
            "dstrike": null,
            "vanish": null,
            "outline": null,
            "shadow": null,
            "emboss": null,
            "imprint": null,
            "color": null,
            "sz": null,
            "sz_cs": null,
            "highlight": null,
            "u": null,
            "vert_align": null,
            "spacing": null,
            "position": null,
            "unknown": []
          },
          "sect_pr": null,
          "unknown": []
        },
        "mark_rpr": {
          "style": null,
          "r_fonts": null,
          "b": null,
          "i": null,
          "caps": null,
          "small_caps": null,
          "strike": null,
          "dstrike": null,
          "vanish": null,
          "outline": null,
          "shadow": null,
          "emboss": null,
          "imprint": null,
          "color": null,
          "sz": null,
          "sz_cs": null,
          "highlight": null,
          "u": null,
          "vert_align": null,
          "spacing": null,
          "position": null,
          "unknown": []
        },
        "runs": [
          {
            "run": {
              "id": 7,
              "rpr": {
                "style": null,
                "r_fonts": null,
                "b": null,
                "i": null,
                "caps": null,
                "small_caps": null,
                "strike": null,
                "dstrike": null,
                "vanish": null,
                "outline": null,
                "shadow": null,
                "emboss": null,
                "imprint": null,
                "color": null,
                "sz": null,
                "sz_cs": null,
                "highlight": null,
                "u": null,
                "vert_align": null,
                "spacing": null,
                "position": null,
                "unknown": []
              },
              "style_ref": null,
              "content": [
                {
                  "break": "page"
                }
              ]
            }
          }
        ],
        "style_ref": null,
        "numbering_ref": null,
        "section_break": null
      }
    },
    {
      "paragraph": {
        "id": 8,
        "ppr": {
          "style": null,
          "num_pr": null,
          "spacing": null,
          "ind": null,
          "jc": null,
          "keep_next": null,
          "keep_lines": null,
          "page_break_before": null,
          "widow_control": null,
          "outline_lvl": null,
          "p_bdr": null,
          "shd": null,
          "tabs": [],
          "r_pr": null,
          "sect_pr": null,
          "unknown": []
        },
        "mark_rpr": {
          "style": null,
          "r_fonts": null,
          "b": null,
          "i": null,
          "caps": null,
          "small_caps": null,
          "strike": null,
          "dstrike": null,
          "vanish": null,
          "outline": null,
          "shadow": null,
          "emboss": null,
          "imprint": null,
          "color": null,
          "sz": null,
          "sz_cs": null,
          "highlight": null,
          "u": null,
          "vert_align": null,
          "spacing": null,
          "position": null,
          "unknown": []
        },
        "runs": [
          {
            "run": {
              "id": 9,
              "rpr": {
                "style": null,
                "r_fonts": null,
                "b": null,
                "i": null,
                "caps": null,
                "small_caps": null,
                "strike": null,
                "dstrike": null,
                "vanish": null,
                "outline": null,
                "shadow": null,
                "emboss": null,
                "imprint": null,
                "color": null,
                "sz": null,
                "sz_cs": null,
                "highlight": null,
                "u": null,
                "vert_align": null,
                "spacing": null,
                "position": null,
                "unknown": []
              },
              "style_ref": null,
              "content": [
                {
                  "text": "After the page break"
                }
              ]
            }
          }
        ],
        "style_ref": null,
        "numbering_ref": null,
        "section_break": null
      }
    },
    {
      "unknown": {
        "id": 10,
        "xml": "<w:sectPr><w:pgSz w:w=\"11906\" w:h=\"16838\"/><w:pgMar w:top=\"1134\" w:right=\"1134\" w:bottom=\"1134\" w:left=\"1134\" w:header=\"709\" w:footer=\"709\" w:gutter=\"0\"/><w:cols w:space=\"708\"/><w:docGrid w:linePitch=\"360\"/></w:sectPr>"
      }
    }
  ],
  "sections": []
}
